Archive member included to satisfy reference by file (symbol)

c:/st/stm32cubeide_1.11.2ver2/stm32cubeide/plugins/com.st.stm32cube.ide.mcu.externaltools.gnu-tools-for-stm32.10.3-2021.10.win32_1.0.100.202210260954/tools/bin/../lib/gcc/arm-none-eabi/10.3.1/../../../../arm-none-eabi/lib/thumb/v7-m/nofp\libc_nano.a(lib_a-errno.o)
                              ./Core/Src/syscalls.o (__errno)
c:/st/stm32cubeide_1.11.2ver2/stm32cubeide/plugins/com.st.stm32cube.ide.mcu.externaltools.gnu-tools-for-stm32.10.3-2021.10.win32_1.0.100.202210260954/tools/bin/../lib/gcc/arm-none-eabi/10.3.1/../../../../arm-none-eabi/lib/thumb/v7-m/nofp\libc_nano.a(lib_a-exit.o)
                              c:/st/stm32cubeide_1.11.2ver2/stm32cubeide/plugins/com.st.stm32cube.ide.mcu.externaltools.gnu-tools-for-stm32.10.3-2021.10.win32_1.0.100.202210260954/tools/bin/../lib/gcc/arm-none-eabi/10.3.1/../../../../arm-none-eabi/lib/thumb/v7-m/nofp/crt0.o (exit)
c:/st/stm32cubeide_1.11.2ver2/stm32cubeide/plugins/com.st.stm32cube.ide.mcu.externaltools.gnu-tools-for-stm32.10.3-2021.10.win32_1.0.100.202210260954/tools/bin/../lib/gcc/arm-none-eabi/10.3.1/../../../../arm-none-eabi/lib/thumb/v7-m/nofp\libc_nano.a(lib_a-impure.o)
                              c:/st/stm32cubeide_1.11.2ver2/stm32cubeide/plugins/com.st.stm32cube.ide.mcu.externaltools.gnu-tools-for-stm32.10.3-2021.10.win32_1.0.100.202210260954/tools/bin/../lib/gcc/arm-none-eabi/10.3.1/../../../../arm-none-eabi/lib/thumb/v7-m/nofp\libc_nano.a(lib_a-exit.o) (_global_impure_ptr)
c:/st/stm32cubeide_1.11.2ver2/stm32cubeide/plugins/com.st.stm32cube.ide.mcu.externaltools.gnu-tools-for-stm32.10.3-2021.10.win32_1.0.100.202210260954/tools/bin/../lib/gcc/arm-none-eabi/10.3.1/../../../../arm-none-eabi/lib/thumb/v7-m/nofp\libc_nano.a(lib_a-init.o)
                              c:/st/stm32cubeide_1.11.2ver2/stm32cubeide/plugins/com.st.stm32cube.ide.mcu.externaltools.gnu-tools-for-stm32.10.3-2021.10.win32_1.0.100.202210260954/tools/bin/../lib/gcc/arm-none-eabi/10.3.1/../../../../arm-none-eabi/lib/thumb/v7-m/nofp/crt0.o (__libc_init_array)
c:/st/stm32cubeide_1.11.2ver2/stm32cubeide/plugins/com.st.stm32cube.ide.mcu.externaltools.gnu-tools-for-stm32.10.3-2021.10.win32_1.0.100.202210260954/tools/bin/../lib/gcc/arm-none-eabi/10.3.1/../../../../arm-none-eabi/lib/thumb/v7-m/nofp\libc_nano.a(lib_a-memset.o)
                              c:/st/stm32cubeide_1.11.2ver2/stm32cubeide/plugins/com.st.stm32cube.ide.mcu.externaltools.gnu-tools-for-stm32.10.3-2021.10.win32_1.0.100.202210260954/tools/bin/../lib/gcc/arm-none-eabi/10.3.1/../../../../arm-none-eabi/lib/thumb/v7-m/nofp/crt0.o (memset)
c:/st/stm32cubeide_1.11.2ver2/stm32cubeide/plugins/com.st.stm32cube.ide.mcu.externaltools.gnu-tools-for-stm32.10.3-2021.10.win32_1.0.100.202210260954/tools/bin/../lib/gcc/arm-none-eabi/10.3.1/../../../../arm-none-eabi/lib/thumb/v7-m/nofp\libc_nano.a(lib_a-sprintf.o)
                              ./Core/Src/main.o (sprintf)
c:/st/stm32cubeide_1.11.2ver2/stm32cubeide/plugins/com.st.stm32cube.ide.mcu.externaltools.gnu-tools-for-stm32.10.3-2021.10.win32_1.0.100.202210260954/tools/bin/../lib/gcc/arm-none-eabi/10.3.1/../../../../arm-none-eabi/lib/thumb/v7-m/nofp\libc_nano.a(lib_a-nano-svfprintf.o)
                              c:/st/stm32cubeide_1.11.2ver2/stm32cubeide/plugins/com.st.stm32cube.ide.mcu.externaltools.gnu-tools-for-stm32.10.3-2021.10.win32_1.0.100.202210260954/tools/bin/../lib/gcc/arm-none-eabi/10.3.1/../../../../arm-none-eabi/lib/thumb/v7-m/nofp\libc_nano.a(lib_a-sprintf.o) (_svfprintf_r)
c:/st/stm32cubeide_1.11.2ver2/stm32cubeide/plugins/com.st.stm32cube.ide.mcu.externaltools.gnu-tools-for-stm32.10.3-2021.10.win32_1.0.100.202210260954/tools/bin/../lib/gcc/arm-none-eabi/10.3.1/../../../../arm-none-eabi/lib/thumb/v7-m/nofp\libc_nano.a(lib_a-nano-vfprintf_i.o)
                              c:/st/stm32cubeide_1.11.2ver2/stm32cubeide/plugins/com.st.stm32cube.ide.mcu.externaltools.gnu-tools-for-stm32.10.3-2021.10.win32_1.0.100.202210260954/tools/bin/../lib/gcc/arm-none-eabi/10.3.1/../../../../arm-none-eabi/lib/thumb/v7-m/nofp\libc_nano.a(lib_a-nano-svfprintf.o) (_printf_i)
c:/st/stm32cubeide_1.11.2ver2/stm32cubeide/plugins/com.st.stm32cube.ide.mcu.externaltools.gnu-tools-for-stm32.10.3-2021.10.win32_1.0.100.202210260954/tools/bin/../lib/gcc/arm-none-eabi/10.3.1/../../../../arm-none-eabi/lib/thumb/v7-m/nofp\libc_nano.a(lib_a-memchr-stub.o)
                              c:/st/stm32cubeide_1.11.2ver2/stm32cubeide/plugins/com.st.stm32cube.ide.mcu.externaltools.gnu-tools-for-stm32.10.3-2021.10.win32_1.0.100.202210260954/tools/bin/../lib/gcc/arm-none-eabi/10.3.1/../../../../arm-none-eabi/lib/thumb/v7-m/nofp\libc_nano.a(lib_a-nano-svfprintf.o) (memchr)
c:/st/stm32cubeide_1.11.2ver2/stm32cubeide/plugins/com.st.stm32cube.ide.mcu.externaltools.gnu-tools-for-stm32.10.3-2021.10.win32_1.0.100.202210260954/tools/bin/../lib/gcc/arm-none-eabi/10.3.1/../../../../arm-none-eabi/lib/thumb/v7-m/nofp\libc_nano.a(lib_a-memcpy-stub.o)
[...]
Memory Configuration

Name             Origin             Length             Attributes
RAM              0x0000000020000000 0x0000000000005000 xrw
FLASH            0x0000000008000000 0x0000000000010000 xr
*default*        0x0000000000000000 0xffffffffffffffff

Linker script and memory map

LOAD c:/st/stm32cubeide_1.11.2ver2/stm32cubeide/plugins/com.st.stm32cube.ide.mcu.externaltools.gnu-tools-for-stm32.10.3-2021.10.win32_1.0.100.202210260954/tools/bin/../lib/gcc/arm-none-eabi/10.3.1/thumb/v7-m/nofp/crti.o
LOAD c:/st/stm32cubeide_1.11.2ver2/stm32cubeide/plugins/com.st.stm32cube.ide.mcu.externaltools.gnu-tools-for-stm32.10.3-2021.10.win32_1.0.100.202210260954/tools/bin/../lib/gcc/arm-none-eabi/10.3.1/thumb/v7-m/nofp/crtbegin.o
LOAD c:/st/stm32cubeide_1.11.2ver2/stm32cubeide/plugins/com.st.stm32cube.ide.mcu.externaltools.gnu-tools-for-stm32.10.3-2021.10.win32_1.0.100.202210260954/tools/bin/../lib/gcc/arm-none-eabi/10.3.1/../../../../arm-none-eabi/lib/thumb/v7-m/nofp/crt0.o
LOAD ./Core/Src/main.o
LOAD ./Core/Src/stm32f1xx_hal_msp.o
LOAD ./Core/Src/stm32f1xx_it.o
LOAD ./Core/Src/syscalls.o
LOAD ./Core/Src/sysmem.o
LOAD ./Core/Src/system_stm32f1xx.o
LOAD ./Core/Startup/startup_stm32f103c8tx.o
LOAD ./Drivers/STM32F1xx_HAL_Driver/Src/stm32f1xx_hal.o
LOAD ./Drivers/STM32F1xx_HAL_Driver/Src/stm32f1xx_hal_cortex.o
LOAD ./Drivers/STM32F1xx_HAL_Driver/Src/stm32f1xx_hal_dma.o
LOAD ./Drivers/STM32F1xx_HAL_Driver/Src/stm32f1xx_hal_exti.o
LOAD ./Drivers/STM32F1xx_HAL_Driver/Src/stm32f1xx_hal_flash.o
LOAD ./Drivers/STM32F1xx_HAL_Driver/Src/stm32f1xx_hal_flash_ex.o
LOAD ./Drivers/STM32F1xx_HAL_Driver/Src/stm32f1xx_hal_gpio.o
LOAD ./Drivers/STM32F1xx_HAL_Driver/Src/stm32f1xx_hal_gpio_ex.o
LOAD ./Drivers/STM32F1xx_HAL_Driver/Src/stm32f1xx_hal_i2c.o
LOAD ./Drivers/STM32F1xx_HAL_Driver/Src/stm32f1xx_hal_pwr.o
LOAD ./Drivers/STM32F1xx_HAL_Driver/Src/stm32f1xx_hal_rcc.o
LOAD ./Drivers/STM32F1xx_HAL_Driver/Src/stm32f1xx_hal_rcc_ex.o
LOAD ./Drivers/STM32F1xx_HAL_Driver/Src/stm32f1xx_hal_tim.o
LOAD ./Drivers/STM32F1xx_HAL_Driver/Src/stm32f1xx_hal_tim_ex.o
LOAD ./Lib/DS3231.o
LOAD ./Lib/lcd_i2c.o
START GROUP
LOAD c:/st/stm32cubeide_1.11.2ver2/stm32cubeide/plugins/com.st.stm32cube.ide.mcu.externaltools.gnu-tools-for-stm32.10.3-2021.10.win32_1.0.100.202210260954/tools/bin/../lib/gcc/arm-none-eabi/10.3.1/../../../../arm-none-eabi/lib/thumb/v7-m/nofp\libc_nano.a
LOAD c:/st/stm32cubeide_1.11.2ver2/stm32cubeide/plugins/com.st.stm32cube.ide.mcu.externaltools.gnu-tools-for-stm32.10.3-2021.10.win32_1.0.100.202210260954/tools/bin/../lib/gcc/arm-none-eabi/10.3.1/../../../../arm-none-eabi/lib/thumb/v7-m/nofp\libm.a
END GROUP
START GROUP
LOAD c:/st/stm32cubeide_1.11.2ver2/stm32cubeide/plugins/com.st.stm32cube.ide.mcu.externaltools.gnu-tools-for-stm32.10.3-2021.10.win32_1.0.100.202210260954/tools/bin/../lib/gcc/arm-none-eabi/10.3.1/thumb/v7-m/nofp\libgcc.a
LOAD c:/st/stm32cubeide_1.11.2ver2/stm32cubeide/plugins/com.st.stm32cube.ide.mcu.externaltools.gnu-tools-for-stm32.10.3-2021.10.win32_1.0.100.202210260954/tools/bin/../lib/gcc/arm-none-eabi/10.3.1/../../../../arm-none-eabi/lib/thumb/v7-m/nofp\libc_nano.a
END GROUP
START GROUP
LOAD c:/st/stm32cubeide_1.11.2ver2/stm32cubeide/plugins/com.st.stm32cube.ide.mcu.externaltools.gnu-tools-for-stm32.10.3-2021.10.win32_1.0.100.202210260954/tools/bin/../lib/gcc/arm-none-eabi/10.3.1/thumb/v7-m/nofp\libgcc.a
LOAD c:/st/stm32cubeide_1.11.2ver2/stm32cubeide/plugins/com.st.stm32cube.ide.mcu.externaltools.gnu-tools-for-stm32.10.3-2021.10.win32_1.0.100.202210260954/tools/bin/../lib/gcc/arm-none-eabi/10.3.1/../../../../arm-none-eabi/lib/thumb/v7-m/nofp\libc_nano.a
LOAD c:/st/stm32cubeide_1.11.2ver2/stm32cubeide/plugins/com.st.stm32cube.ide.mcu.externaltools.gnu-tools-for-stm32.10.3-2021.10.win32_1.0.100.202210260954/tools/bin/../lib/gcc/arm-none-eabi/10.3.1/../../../../arm-none-eabi/lib/thumb/v7-m/nofp\libnosys.a
END GROUP
START GROUP
LOAD c:/st/stm32cubeide_1.11.2ver2/stm32cubeide/plugins/com.st.stm32cube.ide.mcu.externaltools.gnu-tools-for-stm32.10.3-2021.10.win32_1.0.100.202210260954/tools/bin/../lib/gcc/arm-none-eabi/10.3.1/thumb/v7-m/nofp\libgcc.a
LOAD c:/st/stm32cubeide_1.11.2ver2/stm32cubeide/plugins/com.st.stm32cube.ide.mcu.externaltools.gnu-tools-for-stm32.10.3-2021.10.win32_1.0.100.202210260954/tools/bin/../lib/gcc/arm-none-eabi/10.3.1/../../../../arm-none-eabi/lib/thumb/v7-m/nofp\libc_nano.a
LOAD c:/st/stm32cubeide_1.11.2ver2/stm32cubeide/plugins/com.st.stm32cube.ide.mcu.externaltools.gnu-tools-for-stm32.10.3-2021.10.win32_1.0.100.202210260954/tools/bin/../lib/gcc/arm-none-eabi/10.3.1/../../../../arm-none-eabi/lib/thumb/v7-m/nofp\libnosys.a
END GROUP
LOAD c:/st/stm32cubeide_1.11.2ver2/stm32cubeide/plugins/com.st.stm32cube.ide.mcu.externaltools.gnu-tools-for-stm32.10.3-2021.10.win32_1.0.100.202210260954/tools/bin/../lib/gcc/arm-none-eabi/10.3.1/thumb/v7-m/nofp/crtend.o
LOAD c:/st/stm32cubeide_1.11.2ver2/stm32cubeide/plugins/com.st.stm32cube.ide.mcu.externaltools.gnu-tools-for-stm32.10.3-2021.10.win32_1.0.100.202210260954/tools/bin/../lib/gcc/arm-none-eabi/10.3.1/thumb/v7-m/nofp/crtn.o
                0x0000000020005000                _estack = (ORIGIN (RAM) + LENGTH (RAM))
                0x0000000000000200                _Min_Heap_Size = 0x200
                0x0000000000000400                _Min_Stack_Size = 0x400

.isr_vector     0x0000000008000000      0x10c
                0x0000000008000000                . = ALIGN (0x4)
 *(.isr_vector)
 .isr_vector    0x0000000008000000      0x10c ./Core/Startup/startup_stm32f103c8tx.o
                0x0000000008000000                g_pfnVectors
                0x000000000800010c                . = ALIGN (0x4)

.text           0x000000000800010c     0x3c7c
                0x000000000800010c                . = ALIGN (0x4)
 *(.text)
 .text          0x000000000800010c       0x40 c:/st/stm32cubeide_1.11.2ver2/stm32cubeide/plugins/com.st.stm32cube.ide.mcu.externaltools.gnu-tools-for-stm32.10.3-2021.10.win32_1.0.100.202210260954/tools/bin/../lib/gcc/arm-none-eabi/10.3.1/thumb/v7-m/nofp/crtbegin.o
 *(.text*)
 .text.main     0x000000000800014c      0x138 ./Core/Src/main.o
                0x000000000800014c                main
 .text.SystemClock_Config
                0x0000000008000284       0x76 ./Core/Src/main.o
                0x0000000008000284                SystemClock_Config
 *fill*         0x00000000080002fa        0x2 
 .text.MX_I2C1_Init
                0x00000000080002fc       0x5c ./Core/Src/main.o
 .text.MX_TIM2_Init
                0x0000000008000358       0x98 ./Core/Src/main.o
 .text.MX_GPIO_Init
                0x00000000080003f0       0x5c ./Core/Src/main.o
 .text.Error_Handler
                0x000000000800044c        0xa ./Core/Src/main.o
                0x000000000800044c                Error_Handler
 *fill*         0x0000000008000456        0x2 
 .text.HAL_MspInit
                0x0000000008000458       0x64 ./Core/Src/stm32f1xx_hal_msp.o
                0x0000000008000458                HAL_MspInit
 .text.HAL_I2C_MspInit
                0x00000000080004bc       0x7c ./Core/Src/stm32f1xx_hal_msp.o
                0x00000000080004bc                HAL_I2C_MspInit
 .text.HAL_TIM_Base_MspInit
                0x0000000008000538       0x38 ./Core/Src/stm32f1xx_hal_msp.o
                0x0000000008000538                HAL_TIM_Base_MspInit
 .text.NMI_Handler
                0x0000000008000570        0x6 ./Core/Src/stm32f1xx_it.o
                0x0000000008000570                NMI_Handler
 .text.HardFault_Handler
                0x0000000008000576        0x6 ./Core/Src/stm32f1xx_it.o
                0x0000000008000576                HardFault_Handler
 .text.MemManage_Handler
                0x000000000800057c        0x6 ./Core/Src/stm32f1xx_it.o
                0x000000000800057c                MemManage_Handler
 .text.BusFault_Handler
                0x0000000008000582        0x6 ./Core/Src/stm32f1xx_it.o
                0x0000000008000582                BusFault_Handler
 .text.UsageFault_Handler
                0x0000000008000588        0x6 ./Core/Src/stm32f1xx_it.o
                0x0000000008000588                UsageFault_Handler
 .text.SVC_Handler
                0x000000000800058e        0xc ./Core/Src/stm32f1xx_it.o
                0x000000000800058e                SVC_Handler
 .text.DebugMon_Handler
                0x000000000800059a        0xc ./Core/Src/stm32f1xx_it.o
                0x000000000800059a                DebugMon_Handler
 .text.PendSV_Handler
                0x00000000080005a6        0xc ./Core/Src/stm32f1xx_it.o
                0x00000000080005a6                PendSV_Handler
 .text.SysTick_Handler
                0x00000000080005b2        0xc ./Core/Src/stm32f1xx_it.o
                0x00000000080005b2                SysTick_Handler
 *fill*         0x00000000080005be        0x2 
 .text._sbrk    0x00000000080005c0       0x6c ./Core/Src/sysmem.o
                0x00000000080005c0                _sbrk
 .text.SystemInit
                0x000000000800062c        0xc ./Core/Src/system_stm32f1xx.o
                0x000000000800062c                SystemInit
 .text.Reset_Handler
                0x0000000008000638       0x48 ./Core/Startup/startup_stm32f103c8tx.o
                0x0000000008000638                Reset_Handler
 .text.Default_Handler
                0x0000000008000680        0x2 ./Core/Startup/startup_stm32f103c8tx.o
                0x0000000008000680                RTC_Alarm_IRQHandler
                0x0000000008000680                EXTI2_IRQHandler
                0x0000000008000680                TIM1_CC_IRQHandler
                0x0000000008000680                PVD_IRQHandler
                0x0000000008000680                EXTI3_IRQHandler
                0x0000000008000680                EXTI0_IRQHandler
                0x0000000008000680                I2C2_EV_IRQHandler
                0x0000000008000680                ADC1_2_IRQHandler
                0x0000000008000680                SPI1_IRQHandler
                0x0000000008000680                TAMPER_IRQHandler
                0x0000000008000680                DMA1_Channel4_IRQHandler
                0x0000000008000680                USART3_IRQHandler
                0x0000000008000680                RTC_IRQHandler
                0x0000000008000680                DMA1_Channel7_IRQHandler
                0x0000000008000680                CAN1_RX1_IRQHandler
                0x0000000008000680                TIM4_IRQHandler
                0x0000000008000680                I2C1_EV_IRQHandler
                0x0000000008000680                DMA1_Channel6_IRQHandler
                0x0000000008000680                TIM3_IRQHandler
                0x0000000008000680                RCC_IRQHandler
                0x0000000008000680                TIM1_TRG_COM_IRQHandler
                0x0000000008000680                DMA1_Channel1_IRQHandler
                0x0000000008000680                Default_Handler
                0x0000000008000680                EXTI15_10_IRQHandler
                0x0000000008000680                EXTI9_5_IRQHandler
                0x0000000008000680                SPI2_IRQHandler
                0x0000000008000680                DMA1_Channel5_IRQHandler
                0x0000000008000680                EXTI4_IRQHandler
                0x0000000008000680                USB_LP_CAN1_RX0_IRQHandler
                0x0000000008000680                USB_HP_CAN1_TX_IRQHandler
                0x0000000008000680                DMA1_Channel3_IRQHandler
                0x0000000008000680                TIM1_UP_IRQHandler
                0x0000000008000680                WWDG_IRQHandler
                0x0000000008000680                TIM2_IRQHandler
                0x0000000008000680                TIM1_BRK_IRQHandler
                0x0000000008000680                EXTI1_IRQHandler
                0x0000000008000680                USART2_IRQHandler
                0x0000000008000680                I2C2_ER_IRQHandler
                0x0000000008000680                DMA1_Channel2_IRQHandler
                0x0000000008000680                CAN1_SCE_IRQHandler
                0x0000000008000680                FLASH_IRQHandler
                0x0000000008000680                USART1_IRQHandler
                0x0000000008000680                I2C1_ER_IRQHandler
                0x0000000008000680                USBWakeUp_IRQHandler
 *fill*         0x0000000008000682        0x2 
 .text.HAL_Init
                0x0000000008000684       0x2c ./Drivers/STM32F1xx_HAL_Driver/Src/stm32f1xx_hal.o
                0x0000000008000684                HAL_Init
 .text.HAL_InitTick
                0x00000000080006b0       0x60 ./Drivers/STM32F1xx_HAL_Driver/Src/stm32f1xx_hal.o
                0x00000000080006b0                HAL_InitTick
 .text.HAL_IncTick
                0x0000000008000710       0x24 ./Drivers/STM32F1xx_HAL_Driver/Src/stm32f1xx_hal.o
                0x0000000008000710                HAL_IncTick
 .text.HAL_GetTick
                0x0000000008000734       0x14 ./Drivers/STM32F1xx_HAL_Driver/Src/stm32f1xx_hal.o
                0x0000000008000734                HAL_GetTick
 .text.HAL_Delay
                0x0000000008000748       0x48 ./Drivers/STM32F1xx_HAL_Driver/Src/stm32f1xx_hal.o
                0x0000000008000748                HAL_Delay
 .text.__NVIC_SetPriorityGrouping
                0x0000000008000790       0x48 ./Drivers/STM32F1xx_HAL_Driver/Src/stm32f1xx_hal_cortex.o
 .text.__NVIC_GetPriorityGrouping
                0x00000000080007d8       0x1c ./Drivers/STM32F1xx_HAL_Driver/Src/stm32f1xx_hal_cortex.o
 .text.__NVIC_SetPriority
                0x00000000080007f4       0x54 ./Drivers/STM32F1xx_HAL_Driver/Src/stm32f1xx_hal_cortex.o
 .text.NVIC_EncodePriority
                0x0000000008000848       0x64 ./Drivers/STM32F1xx_HAL_Driver/Src/stm32f1xx_hal_cortex.o
 .text.SysTick_Config
                0x00000000080008ac       0x44 ./Drivers/STM32F1xx_HAL_Driver/Src/stm32f1xx_hal_cortex.o
 .text.HAL_NVIC_SetPriorityGrouping
                0x00000000080008f0       0x16 ./Drivers/STM32F1xx_HAL_Driver/Src/stm32f1xx_hal_cortex.o
                0x00000000080008f0                HAL_NVIC_SetPriorityGrouping
 .text.HAL_NVIC_SetPriority
                0x0000000008000906       0x38 ./Drivers/STM32F1xx_HAL_Driver/Src/stm32f1xx_hal_cortex.o
                0x0000000008000906                HAL_NVIC_SetPriority
 .text.HAL_SYSTICK_Config
                0x000000000800093e       0x18 ./Drivers/STM32F1xx_HAL_Driver/Src/stm32f1xx_hal_cortex.o
                0x000000000800093e                HAL_SYSTICK_Config
 *fill*         0x0000000008000956        0x2 
 .text.HAL_GPIO_Init
                0x0000000008000958      0x308 ./Drivers/STM32F1xx_HAL_Driver/Src/stm32f1xx_hal_gpio.o
                0x0000000008000958                HAL_GPIO_Init
 .text.HAL_I2C_Init
                0x0000000008000c60      0x288 ./Drivers/STM32F1xx_HAL_Driver/Src/stm32f1xx_hal_i2c.o
                0x0000000008000c60                HAL_I2C_Init
 .text.HAL_I2C_Master_Transmit
                0x0000000008000ee8      0x1fc ./Drivers/STM32F1xx_HAL_Driver/Src/stm32f1xx_hal_i2c.o
                0x0000000008000ee8                HAL_I2C_Master_Transmit
 .text.HAL_I2C_Mem_Write
                0x00000000080010e4      0x1f4 ./Drivers/STM32F1xx_HAL_Driver/Src/stm32f1xx_hal_i2c.o
                0x00000000080010e4                HAL_I2C_Mem_Write
 .text.HAL_I2C_Mem_Read
                0x00000000080012d8      0x4d0 ./Drivers/STM32F1xx_HAL_Driver/Src/stm32f1xx_hal_i2c.o
                0x00000000080012d8                HAL_I2C_Mem_Read
 .text.HAL_I2C_IsDeviceReady
                0x00000000080017a8      0x25c ./Drivers/STM32F1xx_HAL_Driver/Src/stm32f1xx_hal_i2c.o
                0x00000000080017a8                HAL_I2C_IsDeviceReady
 .text.I2C_MasterRequestWrite
                0x0000000008001a04      0x104 ./Drivers/STM32F1xx_HAL_Driver/Src/stm32f1xx_hal_i2c.o
 .text.I2C_RequestMemoryWrite
                0x0000000008001b08      0x12c ./Drivers/STM32F1xx_HAL_Driver/Src/stm32f1xx_hal_i2c.o
 .text.I2C_RequestMemoryRead
                0x0000000008001c34      0x1d0 ./Drivers/STM32F1xx_HAL_Driver/Src/stm32f1xx_hal_i2c.o
 .text.I2C_WaitOnFlagUntilTimeout
                0x0000000008001e04       0xae ./Drivers/STM32F1xx_HAL_Driver/Src/stm32f1xx_hal_i2c.o
 .text.I2C_WaitOnMasterAddressFlagUntilTimeout
                0x0000000008001eb2       0xfe ./Drivers/STM32F1xx_HAL_Driver/Src/stm32f1xx_hal_i2c.o
 .text.I2C_WaitOnTXEFlagUntilTimeout
                0x0000000008001fb0       0x82 ./Drivers/STM32F1xx_HAL_Driver/Src/stm32f1xx_hal_i2c.o
 .text.I2C_WaitOnBTFFlagUntilTimeout
                0x0000000008002032       0x82 ./Drivers/STM32F1xx_HAL_Driver/Src/stm32f1xx_hal_i2c.o
 .text.I2C_WaitOnRXNEFlagUntilTimeout
                0x00000000080020b4       0xac ./Drivers/STM32F1xx_HAL_Driver/Src/stm32f1xx_hal_i2c.o
 .text.I2C_IsAcknowledgeFailed
                0x0000000008002160       0x5c ./Drivers/STM32F1xx_HAL_Driver/Src/stm32f1xx_hal_i2c.o
 .text.HAL_RCC_OscConfig
                0x00000000080021bc      0x504 ./Drivers/STM32F1xx_HAL_Driver/Src/stm32f1xx_hal_rcc.o
                0x00000000080021bc                HAL_RCC_OscConfig
 .text.HAL_RCC_ClockConfig
                0x00000000080026c0      0x1d4 ./Drivers/STM32F1xx_HAL_Driver/Src/stm32f1xx_hal_rcc.o
                0x00000000080026c0                HAL_RCC_ClockConfig
 .text.HAL_RCC_GetSysClockFreq
                0x0000000008002894       0xbc ./Drivers/STM32F1xx_HAL_Driver/Src/stm32f1xx_hal_rcc.o
                0x0000000008002894                HAL_RCC_GetSysClockFreq
 .text.HAL_RCC_GetHCLKFreq
                0x0000000008002950       0x14 ./Drivers/STM32F1xx_HAL_Driver/Src/stm32f1xx_hal_rcc.o
                0x0000000008002950                HAL_RCC_GetHCLKFreq
 .text.HAL_RCC_GetPCLK1Freq
                0x0000000008002964       0x28 ./Drivers/STM32F1xx_HAL_Driver/Src/stm32f1xx_hal_rcc.o
                0x0000000008002964                HAL_RCC_GetPCLK1Freq
 .text.RCC_Delay
                0x000000000800298c       0x3c ./Drivers/STM32F1xx_HAL_Driver/Src/stm32f1xx_hal_rcc.o
 .text.HAL_TIM_Base_Init
                0x00000000080029c8       0x9e ./Drivers/STM32F1xx_HAL_Driver/Src/stm32f1xx_hal_tim.o
                0x00000000080029c8                HAL_TIM_Base_Init
 *fill*         0x0000000008002a66        0x2 
 .text.HAL_TIM_Base_Start
                0x0000000008002a68       0x94 ./Drivers/STM32F1xx_HAL_Driver/Src/stm32f1xx_hal_tim.o
                0x0000000008002a68                HAL_TIM_Base_Start
 .text.HAL_TIM_Base_Stop
                0x0000000008002afc       0x4c ./Drivers/STM32F1xx_HAL_Driver/Src/stm32f1xx_hal_tim.o
                0x0000000008002afc                HAL_TIM_Base_Stop
 .text.HAL_TIM_ConfigClockSource
                0x0000000008002b48      0x188 ./Drivers/STM32F1xx_HAL_Driver/Src/stm32f1xx_hal_tim.o
                0x0000000008002b48                HAL_TIM_ConfigClockSource
 .text.TIM_Base_SetConfig
                0x0000000008002cd0       0xc4 ./Drivers/STM32F1xx_HAL_Driver/Src/stm32f1xx_hal_tim.o
                0x0000000008002cd0                TIM_Base_SetConfig
 .text.TIM_TI1_ConfigInputStage
                0x0000000008002d94       0x5c ./Drivers/STM32F1xx_HAL_Driver/Src/stm32f1xx_hal_tim.o
 .text.TIM_TI2_ConfigInputStage
                0x0000000008002df0       0x5e ./Drivers/STM32F1xx_HAL_Driver/Src/stm32f1xx_hal_tim.o
 .text.TIM_ITRx_SetConfig
                0x0000000008002e4e       0x34 ./Drivers/STM32F1xx_HAL_Driver/Src/stm32f1xx_hal_tim.o
 .text.TIM_ETR_SetConfig
                0x0000000008002e82       0x3e ./Drivers/STM32F1xx_HAL_Driver/Src/stm32f1xx_hal_tim.o
                0x0000000008002e82                TIM_ETR_SetConfig
 .text.HAL_TIMEx_MasterConfigSynchronization
                0x0000000008002ec0       0xbc ./Drivers/STM32F1xx_HAL_Driver/Src/stm32f1xx_hal_tim_ex.o
                0x0000000008002ec0                HAL_TIMEx_MasterConfigSynchronization
 .text.I2C_Read_Time
                0x0000000008002f7c       0x2e ./Lib/DS3231.o
 .text.I2C_Write_Date
                0x0000000008002faa       0x2e ./Lib/DS3231.o
 .text.I2C_Read_Date
                0x0000000008002fd8       0x2e ./Lib/DS3231.o
 .text.BCD_DEC  0x0000000008003006       0x30 ./Lib/DS3231.o
 *fill*         0x0000000008003036        0x2 
 .text.DEC_BCD  0x0000000008003038       0x48 ./Lib/DS3231.o
 .text.DS3231_Init
                0x0000000008003080       0x1a ./Lib/DS3231.o
                0x0000000008003080                DS3231_Init
 .text.DS3231_GetTime
                0x000000000800309a       0x4c ./Lib/DS3231.o
                0x000000000800309a                DS3231_GetTime
 .text.DS3231_SetDate
                0x00000000080030e6       0x68 ./Lib/DS3231.o
                0x00000000080030e6                DS3231_SetDate
 .text.DS3231_GetDate
                0x000000000800314e       0x5e ./Lib/DS3231.o
                0x000000000800314e                DS3231_GetDate
 .text.delay_us
                0x00000000080031ac       0x38 ./Lib/lcd_i2c.o
                0x00000000080031ac                delay_us
 .text.lcd_i2c_init
                0x00000000080031e4       0xec ./Lib/lcd_i2c.o
                0x00000000080031e4                lcd_i2c_init
 .text.lcd_send_cmd
                0x00000000080032d0       0x62 ./Lib/lcd_i2c.o
                0x00000000080032d0                lcd_send_cmd
 .text.lcd_send_data
                0x0000000008003332       0x62 ./Lib/lcd_i2c.o
                0x0000000008003332                lcd_send_data
 .text.lcd_set_cursor
                0x0000000008003394       0x54 ./Lib/lcd_i2c.o
                0x0000000008003394                lcd_set_cursor
 .text.lcd_send_string
                0x00000000080033e8       0x2e ./Lib/lcd_i2c.o
                0x00000000080033e8                lcd_send_string
 *fill*         0x0000000008003416        0x2 
 .text.__errno  0x0000000008003418        0xc c:/st/stm32cubeide_1.11.2ver2/stm32cubeide/plugins/com.st.stm32cube.ide.mcu.externaltools.gnu-tools-for-stm32.10.3-2021.10.win32_1.0.100.202210260954/tools/bin/../lib/gcc/arm-none-eabi/10.3.1/../../../../arm-none-eabi/lib/thumb/v7-m/nofp\libc_nano.a(lib_a-errno.o)
                0x0000000008003418                __errno
 .text.__libc_init_array
                0x0000000008003424       0x48 c:/st/stm32cubeide_1.11.2ver2/stm32cubeide/plugins/com.st.stm32cube.ide.mcu.externaltools.gnu-tools-for-stm32.10.3-2021.10.win32_1.0.100.202210260954/tools/bin/../lib/gcc/arm-none-eabi/10.3.1/../../../../arm-none-eabi/lib/thumb/v7-m/nofp\libc_nano.a(lib_a-init.o)
                0x0000000008003424                __libc_init_array
 .text.memset   0x000000000800346c       0x10 c:/st/stm32cubeide_1.11.2ver2/stm32cubeide/plugins/com.st.stm32cube.ide.mcu.externaltools.gnu-tools-for-stm32.10.3-2021.10.win32_1.0.100.202210260954/tools/bin/../lib/gcc/arm-none-eabi/10.3.1/../../../../arm-none-eabi/lib/thumb/v7-m/nofp\libc_nano.a(lib_a-memset.o)
                0x000000000800346c                memset
 .text.sprintf  0x000000000800347c       0x40 c:/st/stm32cubeide_1.11.2ver2/stm32cubeide/plugins/com.st.stm32cube.ide.mcu.externaltools.gnu-tools-for-stm32.10.3-2021.10.win32_1.0.100.202210260954/tools/bin/../lib/gcc/arm-none-eabi/10.3.1/../../../../arm-none-eabi/lib/thumb/v7-m/nofp\libc_nano.a(lib_a-sprintf.o)
                0x000000000800347c                siprintf
                0x000000000800347c                sprintf
 .text.__ssputs_r
                0x00000000080034bc       0xb6 c:/st/stm32cubeide_1.11.2ver2/stm32cubeide/plugins/com.st.stm32cube.ide.mcu.externaltools.gnu-tools-for-stm32.10.3-2021.10.win32_1.0.100.202210260954/tools/bin/../lib/gcc/arm-none-eabi/10.3.1/../../../../arm-none-eabi/lib/thumb/v7-m/nofp\libc_nano.a(lib_a-nano-svfprintf.o)
                0x00000000080034bc                __ssputs_r
 *fill*         0x0000000008003572        0x2 
 .text._svfprintf_r
                0x0000000008003574      0x200 c:/st/stm32cubeide_1.11.2ver2/stm32cubeide/plugins/com.st.stm32cube.ide.mcu.externaltools.gnu-tools-for-stm32.10.3-2021.10.win32_1.0.100.202210260954/tools/bin/../lib/gcc/arm-none-eabi/10.3.1/../../../../arm-none-eabi/lib/thumb/v7-m/nofp\libc_nano.a(lib_a-nano-svfprintf.o)
                0x0000000008003574                _svfiprintf_r
                0x0000000008003574                _svfprintf_r
 .text._printf_common
                0x0000000008003774       0xde c:/st/stm32cubeide_1.11.2ver2/stm32cubeide/plugins/com.st.stm32cube.ide.mcu.externaltools.gnu-tools-for-stm32.10.3-2021.10.win32_1.0.100.202210260954/tools/bin/../lib/gcc/arm-none-eabi/10.3.1/../../../../arm-none-eabi/lib/thumb/v7-m/nofp\libc_nano.a(lib_a-nano-vfprintf_i.o)
                0x0000000008003774                _printf_common
 *fill*         0x0000000008003852        0x2 
 .text._printf_i
                0x0000000008003854      0x24c c:/st/stm32cubeide_1.11.2ver2/stm32cubeide/plugins/com.st.stm32cube.ide.mcu.externaltools.gnu-tools-for-stm32.10.3-2021.10.win32_1.0.100.202210260954/tools/bin/../lib/gcc/arm-none-eabi/10.3.1/../../../../arm-none-eabi/lib/thumb/v7-m/nofp\libc_nano.a(lib_a-nano-vfprintf_i.o)
                0x0000000008003854                _printf_i
 .text.memchr   0x0000000008003aa0       0x1c c:/st/stm32cubeide_1.11.2ver2/stm32cubeide/plugins/com.st.stm32cube.ide.mcu.externaltools.gnu-tools-for-stm32.10.3-2021.10.win32_1.0.100.202210260954/tools/bin/../lib/gcc/arm-none-eabi/10.3.1/../../../../arm-none-eabi/lib/thumb/v7-m/nofp\libc_nano.a(lib_a-memchr-stub.o)
                0x0000000008003aa0                memchr
 .text.memcpy   0x0000000008003abc       0x1c c:/st/stm32cubeide_1.11.2ver2/stm32cubeide/plugins/com.st.stm32cube.ide.mcu.externaltools.gnu-tools-for-stm32.10.3-2021.10.win32_1.0.100.202210260954/tools/bin/../lib/gcc/arm-none-eabi/10.3.1/../../../../arm-none-eabi/lib/thumb/v7-m/nofp\libc_nano.a(lib_a-memcpy-stub.o)
                0x0000000008003abc                memcpy
 .text.memmove  0x0000000008003ad8       0x34 c:/st/stm32cubeide_1.11.2ver2/stm32cubeide/plugins/com.st.stm32cube.ide.mcu.externaltools.gnu-tools-for-stm32.10.3-2021.10.win32_1.0.100.202210260954/tools/bin/../lib/gcc/arm-none-eabi/10.3.1/../../../../arm-none-eabi/lib/thumb/v7-m/nofp\libc_nano.a(lib_a-memmove.o)
                0x0000000008003ad8                memmove
 .text._free_r  0x0000000008003b0c       0x90 c:/st/stm32cubeide_1.11.2ver2/stm32cubeide/plugins/com.st.stm32cube.ide.mcu.externaltools.gnu-tools-for-stm32.10.3-2021.10.win32_1.0.100.202210260954/tools/bin/../lib/gcc/arm-none-eabi/10.3.1/../../../../arm-none-eabi/lib/thumb/v7-m/nofp\libc_nano.a(lib_a-nano-freer.o)
                0x0000000008003b0c                _free_r
 .text.sbrk_aligned
                0x0000000008003b9c       0x40 c:/st/stm32cubeide_1.11.2ver2/stm32cubeide/plugins/com.st.stm32cube.ide.mcu.externaltools.gnu-tools-for-stm32.10.3-2021.10.win32_1.0.100.202210260954/tools/bin/../lib/gcc/arm-none-eabi/10.3.1/../../../../arm-none-eabi/lib/thumb/v7-m/nofp\libc_nano.a(lib_a-nano-mallocr.o)
 .text._malloc_r
                0x0000000008003bdc       0xe8 c:/st/stm32cubeide_1.11.2ver2/stm32cubeide/plugins/com.st.stm32cube.ide.mcu.externaltools.gnu-tools-for-stm32.10.3-2021.10.win32_1.0.100.202210260954/tools/bin/../lib/gcc/arm-none-eabi/10.3.1/../../../../arm-none-eabi/lib/thumb/v7-m/nofp\libc_nano.a(lib_a-nano-mallocr.o)
                0x0000000008003bdc                _malloc_r
 .text._realloc_r
                0x0000000008003cc4       0x5e c:/st/stm32cubeide_1.11.2ver2/stm32cubeide/plugins/com.st.stm32cube.ide.mcu.externaltools.gnu-tools-for-stm32.10.3-2021.10.win32_1.0.100.202210260954/tools/bin/../lib/gcc/arm-none-eabi/10.3.1/../../../../arm-none-eabi/lib/thumb/v7-m/nofp\libc_nano.a(lib_a-nano-reallocr.o)
                0x0000000008003cc4                _realloc_r
 *fill*         0x0000000008003d22        0x2 
 .text._sbrk_r  0x0000000008003d24       0x20 c:/st/stm32cubeide_1.11.2ver2/stm32cubeide/plugins/com.st.stm32cube.ide.mcu.externaltools.gnu-tools-for-stm32.10.3-2021.10.win32_1.0.100.202210260954/tools/bin/../lib/gcc/arm-none-eabi/10.3.1/../../../../arm-none-eabi/lib/thumb/v7-m/nofp\libc_nano.a(lib_a-sbrkr.o)
                0x0000000008003d24                _sbrk_r
 .text.__malloc_lock
                0x0000000008003d44        0xc c:/st/stm32cubeide_1.11.2ver2/stm32cubeide/plugins/com.st.stm32cube.ide.mcu.externaltools.gnu-tools-for-stm32.10.3-2021.10.win32_1.0.100.202210260954/tools/bin/../lib/gcc/arm-none-eabi/10.3.1/../../../../arm-none-eabi/lib/thumb/v7-m/nofp\libc_nano.a(lib_a-mlock.o)
                0x0000000008003d44                __malloc_lock
 .text.__malloc_unlock
                0x0000000008003d50        0xc c:/st/stm32cubeide_1.11.2ver2/stm32cubeide/plugins/com.st.stm32cube.ide.mcu.externaltools.gnu-tools-for-stm32.10.3-2021.10.win32_1.0.100.202210260954/tools/bin/../lib/gcc/arm-none-eabi/10.3.1/../../../../arm-none-eabi/lib/thumb/v7-m/nofp\libc_nano.a(lib_a-mlock.o)
                0x0000000008003d50                __malloc_unlock
 .text._malloc_usable_size_r
                0x0000000008003d5c       0x10 c:/st/stm32cubeide_1.11.2ver2/stm32cubeide/plugins/com.st.stm32cube.ide.mcu.externaltools.gnu-tools-for-stm32.10.3-2021.10.win32_1.0.100.202210260954/tools/bin/../lib/gcc/arm-none-eabi/10.3.1/../../../../arm-none-eabi/lib/thumb/v7-m/nofp\libc_nano.a(lib_a-nano-msizer.o)
                0x0000000008003d5c                _malloc_usable_size_r
 .text.__retarget_lock_acquire_recursive
                0x0000000008003d6c        0x2 c:/st/stm32cubeide_1.11.2ver2/stm32cubeide/plugins/com.st.stm32cube.ide.mcu.externaltools.gnu-tools-for-stm32.10.3-2021.10.win32_1.0.100.202210260954/tools/bin/../lib/gcc/arm-none-eabi/10.3.1/../../../../arm-none-eabi/lib/thumb/v7-m/nofp\libc_nano.a(lib_a-lock.o)
                0x0000000008003d6c                __retarget_lock_acquire_recursive
 .text.__retarget_lock_release_recursive
                0x0000000008003d6e        0x2 c:/st/stm32cubeide_1.11.2ver2/stm32cubeide/plugins/com.st.stm32cube.ide.mcu.externaltools.gnu-tools-for-stm32.10.3-2021.10.win32_1.0.100.202210260954/tools/bin/../lib/gcc/arm-none-eabi/10.3.1/../../../../arm-none-eabi/lib/thumb/v7-m/nofp\libc_nano.a(lib_a-lock.o)
                0x0000000008003d6e                __retarget_lock_release_recursive
 *(.glue_7)
 .glue_7        0x0000000008003d70        0x0 linker stubs
 *(.glue_7t)
 .glue_7t       0x0000000008003d70        0x0 linker stubs
 *(.eh_frame)
 .eh_frame      0x0000000008003d70        0x0 c:/st/stm32cubeide_1.11.2ver2/stm32cubeide/plugins/com.st.stm32cube.ide.mcu.externaltools.gnu-tools-for-stm32.10.3-2021.10.win32_1.0.100.202210260954/tools/bin/../lib/gcc/arm-none-eabi/10.3.1/thumb/v7-m/nofp/crtbegin.o
 *(.init)
 .init          0x0000000008003d70        0x4 c:/st/stm32cubeide_1.11.2ver2/stm32cubeide/plugins/com.st.stm32cube.ide.mcu.externaltools.gnu-tools-for-stm32.10.3-2021.10.win32_1.0.100.202210260954/tools/bin/../lib/gcc/arm-none-eabi/10.3.1/thumb/v7-m/nofp/crti.o
                0x0000000008003d70                _init
 .init          0x0000000008003d74        0x8 c:/st/stm32cubeide_1.11.2ver2/stm32cubeide/plugins/com.st.stm32cube.ide.mcu.externaltools.gnu-tools-for-stm32.10.3-2021.10.win32_1.0.100.202210260954/tools/bin/../lib/gcc/arm-none-eabi/10.3.1/thumb/v7-m/nofp/crtn.o
 *(.fini)
 .fini          0x0000000008003d7c        0x4 c:/st/stm32cubeide_1.11.2ver2/stm32cubeide/plugins/com.st.stm32cube.ide.mcu.externaltools.gnu-tools-for-stm32.10.3-2021.10.win32_1.0.100.202210260954/tools/bin/../lib/gcc/arm-none-eabi/10.3.1/thumb/v7-m/nofp/crti.o
                0x0000000008003d7c                _fini
 .fini          0x0000000008003d80        0x8 c:/st/stm32cubeide_1.11.2ver2/stm32cubeide/plugins/com.st.stm32cube.ide.mcu.externaltools.gnu-tools-for-stm32.10.3-2021.10.win32_1.0.100.202210260954/tools/bin/../lib/gcc/arm-none-eabi/10.3.1/thumb/v7-m/nofp/crtn.o
                0x0000000008003d88                . = ALIGN (0x4)
                0x0000000008003d88                _etext = .

.vfp11_veneer   0x0000000008003d88        0x0
 .vfp11_veneer  0x0000000008003d88        0x0 linker stubs

.v4_bx          0x0000000008003d88        0x0
 .v4_bx         0x0000000008003d88        0x0 linker stubs

.iplt           0x0000000008003d88        0x0
 .iplt          0x0000000008003d88        0x0 c:/st/stm32cubeide_1.11.2ver2/stm32cubeide/plugins/com.st.stm32cube.ide.mcu.externaltools.gnu-tools-for-stm32.10.3-2021.10.win32_1.0.100.202210260954/tools/bin/../lib/gcc/arm-none-eabi/10.3.1/thumb/v7-m/nofp/crtbegin.o

.rodata         0x0000000008003d88       0xac
                0x0000000008003d88                . = ALIGN (0x4)
 *(.rodata)
 .rodata        0x0000000008003d88       0x4d ./Core/Src/main.o
 *fill*         0x0000000008003dd5        0x3 
 .rodata        0x0000000008003dd8       0x10 ./Drivers/STM32F1xx_HAL_Driver/Src/stm32f1xx_hal_rcc.o
 *(.rodata*)
 .rodata.AHBPrescTable
                0x0000000008003de8       0x10 ./Core/Src/system_stm32f1xx.o
                0x0000000008003de8                AHBPrescTable
 .rodata.APBPrescTable
                0x0000000008003df8        0x8 ./Core/Src/system_stm32f1xx.o
                0x0000000008003df8                APBPrescTable
 .rodata._svfprintf_r.str1.1
                0x0000000008003e00       0x11 c:/st/stm32cubeide_1.11.2ver2/stm32cubeide/plugins/com.st.stm32cube.ide.mcu.externaltools.gnu-tools-for-stm32.10.3-2021.10.win32_1.0.100.202210260954/tools/bin/../lib/gcc/arm-none-eabi/10.3.1/../../../../arm-none-eabi/lib/thumb/v7-m/nofp\libc_nano.a(lib_a-nano-svfprintf.o)
 .rodata._printf_i.str1.1
                0x0000000008003e11       0x22 c:/st/stm32cubeide_1.11.2ver2/stm32cubeide/plugins/com.st.stm32cube.ide.mcu.externaltools.gnu-tools-for-stm32.10.3-2021.10.win32_1.0.100.202210260954/tools/bin/../lib/gcc/arm-none-eabi/10.3.1/../../../../arm-none-eabi/lib/thumb/v7-m/nofp\libc_nano.a(lib_a-nano-vfprintf_i.o)
                0x0000000008003e34                . = ALIGN (0x4)
 *fill*         0x0000000008003e33        0x1 

.rel.dyn        0x0000000008003e34        0x0
 .rel.iplt      0x0000000008003e34        0x0 c:/st/stm32cubeide_1.11.2ver2/stm32cubeide/plugins/com.st.stm32cube.ide.mcu.externaltools.gnu-tools-for-stm32.10.3-2021.10.win32_1.0.100.202210260954/tools/bin/../lib/gcc/arm-none-eabi/10.3.1/thumb/v7-m/nofp/crtbegin.o

.ARM.extab      0x0000000008003e34        0x0
                0x0000000008003e34                . = ALIGN (0x4)
 *(.ARM.extab* .gnu.linkonce.armextab.*)
                0x0000000008003e34                . = ALIGN (0x4)

.ARM            0x0000000008003e34        0x0
                0x0000000008003e34                . = ALIGN (0x4)
                0x0000000008003e34                __exidx_start = .
 *(.ARM.exidx*)
                0x0000000008003e34                __exidx_end = .
                0x0000000008003e34                . = ALIGN (0x4)

.preinit_array  0x0000000008003e34        0x0
                0x0000000008003e34                . = ALIGN (0x4)
                0x0000000008003e34                PROVIDE (__preinit_array_start = .)
 *(.preinit_array*)
                0x0000000008003e34                PROVIDE (__preinit_array_end = .)
                0x0000000008003e34                . = ALIGN (0x4)

.init_array     0x0000000008003e34        0x4
                0x0000000008003e34                . = ALIGN (0x4)
                0x0000000008003e34                PROVIDE (__init_array_start = .)
 *(SORT_BY_NAME(.init_array.*))
 *(.init_array*)
 .init_array    0x0000000008003e34        0x4 c:/st/stm32cubeide_1.11.2ver2/stm32cubeide/plugins/com.st.stm32cube.ide.mcu.externaltools.gnu-tools-for-stm32.10.3-2021.10.win32_1.0.100.202210260954/tools/bin/../lib/gcc/arm-none-eabi/10.3.1/thumb/v7-m/nofp/crtbegin.o
                0x0000000008003e38                PROVIDE (__init_array_end = .)
                0x0000000008003e38                . = ALIGN (0x4)

.fini_array     0x0000000008003e38        0x4
                0x0000000008003e38                . = ALIGN (0x4)
                [!provide]                        PROVIDE (__fini_array_start = .)
 *(SORT_BY_NAME(.fini_array.*))
 *(.fini_array*)
 .fini_array    0x0000000008003e38        0x4 c:/st/stm32cubeide_1.11.2ver2/stm32cubeide/plugins/com.st.stm32cube.ide.mcu.externaltools.gnu-tools-for-stm32.10.3-2021.10.win32_1.0.100.202210260954/tools/bin/../lib/gcc/arm-none-eabi/10.3.1/thumb/v7-m/nofp/crtbegin.o
                [!provide]                        PROVIDE (__fini_array_end = .)
                0x0000000008003e3c                . = ALIGN (0x4)
                0x0000000008003e3c                _sidata = LOADADDR (.data)

.data           0x0000000020000000       0x70 load address 0x0000000008003e3c
                0x0000000020000000                . = ALIGN (0x4)
                0x0000000020000000                _sdata = .
 *(.data)
 *(.data*)
 .data.SystemCoreClock
                0x0000000020000000        0x4 ./Core/Src/system_stm32f1xx.o
                0x0000000020000000                SystemCoreClock
 .data.uwTickPrio
                0x0000000020000004        0x4 ./Drivers/STM32F1xx_HAL_Driver/Src/stm32f1xx_hal.o
                0x0000000020000004                uwTickPrio
 .data.uwTickFreq
                0x0000000020000008        0x1 ./Drivers/STM32F1xx_HAL_Driver/Src/stm32f1xx_hal.o
                0x0000000020000008                uwTickFreq
 *fill*         0x0000000020000009        0x3 
 .data._impure_ptr
                0x000000002000000c        0x4 c:/st/stm32cubeide_1.11.2ver2/stm32cubeide/plugins/com.st.stm32cube.ide.mcu.externaltools.gnu-tools-for-stm32.10.3-2021.10.win32_1.0.100.202210260954/tools/bin/../lib/gcc/arm-none-eabi/10.3.1/../../../../arm-none-eabi/lib/thumb/v7-m/nofp\libc_nano.a(lib_a-impure.o)
                0x000000002000000c                _impure_ptr
 .data.impure_data
                0x0000000020000010       0x60 c:/st/stm32cubeide_1.11.2ver2/stm32cubeide/plugins/com.st.stm32cube.ide.mcu.externaltools.gnu-tools-for-stm32.10.3-2021.10.win32_1.0.100.202210260954/tools/bin/../lib/gcc/arm-none-eabi/10.3.1/../../../../arm-none-eabi/lib/thumb/v7-m/nofp\libc_nano.a(lib_a-impure.o)
 *(.RamFunc)
 *(.RamFunc*)
                0x0000000020000070                . = ALIGN (0x4)
                0x0000000020000070                _edata = .

.igot.plt       0x0000000020000070        0x0 load address 0x0000000008003eac
 .igot.plt      0x0000000020000070        0x0 c:/st/stm32cubeide_1.11.2ver2/stm32cubeide/plugins/com.st.stm32cube.ide.mcu.externaltools.gnu-tools-for-stm32.10.3-2021.10.win32_1.0.100.202210260954/tools/bin/../lib/gcc/arm-none-eabi/10.3.1/thumb/v7-m/nofp/crtbegin.o
                0x0000000020000070                . = ALIGN (0x4)

.bss            0x0000000020000070      0x10c load address 0x0000000008003eac
                0x0000000020000070                _sbss = .
                0x0000000020000070                __bss_start__ = _sbss
 *(.bss)
 .bss           0x0000000020000070       0x1c c:/st/stm32cubeide_1.11.2ver2/stm32cubeide/plugins/com.st.stm32cube.ide.mcu.externaltools.gnu-tools-for-stm32.10.3-2021.10.win32_1.0.100.202210260954/tools/bin/../lib/gcc/arm-none-eabi/10.3.1/thumb/v7-m/nofp/crtbegin.o
 *(.bss*)
 .bss.device    0x000000002000008c        0x1 ./Core/Src/main.o
                0x000000002000008c                device
 *fill*         0x000000002000008d        0x3 
 .bss.DS3231    0x0000000020000090       0x1c ./Core/Src/main.o
                0x0000000020000090                DS3231
 .bss.hi2c1     0x00000000200000ac       0x54 ./Core/Src/main.o
                0x00000000200000ac                hi2c1
 .bss.htim2     0x0000000020000100       0x48 ./Core/Src/main.o
                0x0000000020000100                htim2
 .bss.p_lcd     0x0000000020000148        0xc ./Core/Src/main.o
                0x0000000020000148                p_lcd
 .bss.time      0x0000000020000154        0xf ./Core/Src/main.o
                0x0000000020000154                time
 *fill*         0x0000000020000163        0x1 
 .bss.__sbrk_heap_end
                0x0000000020000164        0x4 ./Core/Src/sysmem.o
 .bss.uwTick    0x0000000020000168        0x4 ./Drivers/STM32F1xx_HAL_Driver/Src/stm32f1xx_hal.o
                0x0000000020000168                uwTick
 .bss.__malloc_free_list
                0x000000002000016c        0x4 c:/st/stm32cubeide_1.11.2ver2/stm32cubeide/plugins/com.st.stm32cube.ide.mcu.externaltools.gnu-tools-for-stm32.10.3-2021.10.win32_1.0.100.202210260954/tools/bin/../lib/gcc/arm-none-eabi/10.3.1/../../../../arm-none-eabi/lib/thumb/v7-m/nofp\libc_nano.a(lib_a-nano-mallocr.o)
                0x000000002000016c                __malloc_free_list
 .bss.__malloc_sbrk_start
                0x0000000020000170        0x4 c:/st/stm32cubeide_1.11.2ver2/stm32cubeide/plugins/com.st.stm32cube.ide.mcu.externaltools.gnu-tools-for-stm32.10.3-2021.10.win32_1.0.100.202210260954/tools/bin/../lib/gcc/arm-none-eabi/10.3.1/../../../../arm-none-eabi/lib/thumb/v7-m/nofp\libc_nano.a(lib_a-nano-mallocr.o)
                0x0000000020000170                __malloc_sbrk_start
 .bss.errno     0x0000000020000174        0x4 c:/st/stm32cubeide_1.11.2ver2/stm32cubeide/plugins/com.st.stm32cube.ide.mcu.externaltools.gnu-tools-for-stm32.10.3-2021.10.win32_1.0.100.202210260954/tools/bin/../lib/gcc/arm-none-eabi/10.3.1/../../../../arm-none-eabi/lib/thumb/v7-m/nofp\libc_nano.a(lib_a-reent.o)
                0x0000000020000174                errno
 .bss.__lock___malloc_recursive_mutex
                0x0000000020000178        0x1 c:/st/stm32cubeide_1.11.2ver2/stm32cubeide/plugins/com.st.stm32cube.ide.mcu.externaltools.gnu-tools-for-stm32.10.3-2021.10.win32_1.0.100.202210260954/tools/bin/../lib/gcc/arm-none-eabi/10.3.1/../../../../arm-none-eabi/lib/thumb/v7-m/nofp\libc_nano.a(lib_a-lock.o)
                0x0000000020000178                __lock___malloc_recursive_mutex
 *(COMMON)
                0x000000002000017c                . = ALIGN (0x4)
 *fill*         0x0000000020000179        0x3 
                0x000000002000017c                _ebss = .
                0x000000002000017c                __bss_end__ = _ebss

._user_heap_stack
                0x000000002000017c      0x604 load address 0x0000000008003eac
                0x0000000020000180                . = ALIGN (0x8)
 *fill*         0x000000002000017c        0x4 
                [!provide]                        PROVIDE (end = .)
                0x0000000020000180                PROVIDE (_end = .)
                0x0000000020000380                . = (. + _Min_Heap_Size)
 *fill*         0x0000000020000180      0x200 
                0x0000000020000780                . = (. + _Min_Stack_Size)
 *fill*         0x0000000020000380      0x400 
                0x0000000020000780                . = ALIGN (0x8)

/DISCARD/
 libc.a(*)
 libm.a(*)
 libgcc.a(*)

.ARM.attributes
                0x0000000000000000       0x29
 *(.ARM.attributes)
 .ARM.attributes
                0x0000000000000000       0x1d c:/st/stm32cubeide_1.11.2ver2/stm32cubeide/plugins/com.st.stm32cube.ide.mcu.externaltools.gnu-tools-for-stm32.10.3-2021.10.win32_1.0.100.202210260954/tools/bin/../lib/gcc/arm-none-eabi/10.3.1/thumb/v7-m/nofp/crti.o
 .ARM.attributes
                0x000000000000001d       0x2d c:/st/stm32cubeide_1.11.2ver2/stm32cubeide/plugins/com.st.stm32cube.ide.mcu.externaltools.gnu-tools-for-stm32.10.3-2021.10.win32_1.0.100.202210260954/tools/bin/../lib/gcc/arm-none-eabi/10.3.1/thumb/v7-m/nofp/crtbegin.o
 .ARM.attributes
                0x000000000000004a       0x2d ./Core/Src/main.o
 .ARM.attributes
                0x0000000000000077       0x2d ./Core/Src/stm32f1xx_hal_msp.o
 .ARM.attributes
                0x00000000000000a4       0x2d ./Core/Src/stm32f1xx_it.o
 .ARM.attributes
                0x00000000000000d1       0x2d ./Core/Src/sysmem.o
 .ARM.attributes
                0x00000000000000fe       0x2d ./Core/Src/system_stm32f1xx.o
 .ARM.attributes
                0x000000000000012b       0x21 ./Core/Startup/startup_stm32f103c8tx.o
 .ARM.attributes
                0x000000000000014c       0x2d ./Drivers/STM32F1xx_HAL_Driver/Src/stm32f1xx_hal.o
 .ARM.attributes
                0x0000000000000179       0x2d ./Drivers/STM32F1xx_HAL_Driver/Src/stm32f1xx_hal_cortex.o
 .ARM.attributes
                0x00000000000001a6       0x2d ./Drivers/STM32F1xx_HAL_Driver/Src/stm32f1xx_hal_gpio.o
 .ARM.attributes
                0x00000000000001d3       0x2d ./Drivers/STM32F1xx_HAL_Driver/Src/stm32f1xx_hal_i2c.o
 .ARM.attributes
                0x0000000000000200       0x2d ./Drivers/STM32F1xx_HAL_Driver/Src/stm32f1xx_hal_rcc.o
 .ARM.attributes
                0x000000000000022d       0x2d ./Drivers/STM32F1xx_HAL_Driver/Src/stm32f1xx_hal_tim.o
 .ARM.attributes
                0x000000000000025a       0x2d ./Drivers/STM32F1xx_HAL_Driver/Src/stm32f1xx_hal_tim_ex.o
 .ARM.attributes
                0x0000000000000287       0x2d ./Lib/DS3231.o
 .ARM.attributes
                0x00000000000002b4       0x2d ./Lib/lcd_i2c.o
 .ARM.attributes
                0x00000000000002e1       0x2d c:/st/stm32cubeide_1.11.2ver2/stm32cubeide/plugins/com.st.stm32cube.ide.mcu.externaltools.gnu-tools-for-stm32.10.3-2021.10.win32_1.0.100.202210260954/tools/bin/../lib/gcc/arm-none-eabi/10.3.1/../../../../arm-none-eabi/lib/thumb/v7-m/nofp\libc_nano.a(lib_a-errno.o)
 .ARM.attributes
                0x000000000000030e       0x2d c:/st/stm32cubeide_1.11.2ver2/stm32cubeide/plugins/com.st.stm32cube.ide.mcu.externaltools.gnu-tools-for-stm32.10.3-2021.10.win32_1.0.100.202210260954/tools/bin/../lib/gcc/arm-none-eabi/10.3.1/../../../../arm-none-eabi/lib/thumb/v7-m/nofp\libc_nano.a(lib_a-impure.o)
 .ARM.attributes
                0x000000000000033b       0x2d c:/st/stm32cubeide_1.11.2ver2/stm32cubeide/plugins/com.st.stm32cube.ide.mcu.externaltools.gnu-tools-for-stm32.10.3-2021.10.win32_1.0.100.202210260954/tools/bin/../lib/gcc/arm-none-eabi/10.3.1/../../../../arm-none-eabi/lib/thumb/v7-m/nofp\libc_nano.a(lib_a-init.o)
 .ARM.attributes
                0x0000000000000368       0x2d c:/st/stm32cubeide_1.11.2ver2/stm32cubeide/plugins/com.st.stm32cube.ide.mcu.externaltools.gnu-tools-for-stm32.10.3-2021.10.win32_1.0.100.202210260954/tools/bin/../lib/gcc/arm-none-eabi/10.3.1/../../../../arm-none-eabi/lib/thumb/v7-m/nofp\libc_nano.a(lib_a-memset.o)
 .ARM.attributes
                0x0000000000000395       0x2d c:/st/stm32cubeide_1.11.2ver2/stm32cubeide/plugins/com.st.stm32cube.ide.mcu.externaltools.gnu-tools-for-stm32.10.3-2021.10.win32_1.0.100.202210260954/tools/bin/../lib/gcc/arm-none-eabi/10.3.1/../../../../arm-none-eabi/lib/thumb/v7-m/nofp\libc_nano.a(lib_a-sprintf.o)
 .ARM.attributes
                0x00000000000003c2       0x2d c:/st/stm32cubeide_1.11.2ver2/stm32cubeide/plugins/com.st.stm32cube.ide.mcu.externaltools.gnu-tools-for-stm32.10.3-2021.10.win32_1.0.100.202210260954/tools/bin/../lib/gcc/arm-none-eabi/10.3.1/../../../../arm-none-eabi/lib/thumb/v7-m/nofp\libc_nano.a(lib_a-nano-svfprintf.o)
 .ARM.attributes
                0x00000000000003ef       0x2d c:/st/stm32cubeide_1.11.2ver2/stm32cubeide/plugins/com.st.stm32cube.ide.mcu.externaltools.gnu-tools-for-stm32.10.3-2021.10.win32_1.0.100.202210260954/tools/bin/../lib/gcc/arm-none-eabi/10.3.1/../../../../arm-none-eabi/lib/thumb/v7-m/nofp\libc_nano.a(lib_a-nano-vfprintf_i.o)
 .ARM.attributes
                0x000000000000041c       0x2d c:/st/stm32cubeide_1.11.2ver2/stm32cubeide/plugins/com.st.stm32cube.ide.mcu.externaltools.gnu-tools-for-stm32.10.3-2021.10.win32_1.0.100.202210260954/tools/bin/../lib/gcc/arm-none-eabi/10.3.1/../../../../arm-none-eabi/lib/thumb/v7-m/nofp\libc_nano.a(lib_a-memchr-stub.o)
 .ARM.attributes
                0x0000000000000449       0x2d c:/st/stm32cubeide_1.11.2ver2/stm32cubeide/plugins/com.st.stm32cube.ide.mcu.externaltools.gnu-tools-for-stm32.10.3-2021.10.win32_1.0.100.202210260954/tools/bin/../lib/gcc/arm-none-eabi/10.3.1/../../../../arm-none-eabi/lib/thumb/v7-m/nofp\libc_nano.a(lib_a-memcpy-stub.o)
 .ARM.attributes
                0x0000000000000476       0x2d c:/st/stm32cubeide_1.11.2ver2/stm32cubeide/plugins/com.st.stm32cube.ide.mcu.externaltools.gnu-tools-for-stm32.10.3-2021.10.win32_1.0.100.202210260954/tools/bin/../lib/gcc/arm-none-eabi/10.3.1/../../../../arm-none-eabi/lib/thumb/v7-m/nofp\libc_nano.a(lib_a-memmove.o)
 .ARM.attributes
                0x00000000000004a3       0x2d c:/st/stm32cubeide_1.11.2ver2/stm32cubeide/plugins/com.st.stm32cube.ide.mcu.externaltools.gnu-tools-for-stm32.10.3-2021.10.win32_1.0.100.202210260954/tools/bin/../lib/gcc/arm-none-eabi/10.3.1/../../../../arm-none-eabi/lib/thumb/v7-m/nofp\libc_nano.a(lib_a-nano-freer.o)
 .ARM.attributes
                0x00000000000004d0       0x2d c:/st/stm32cubeide_1.11.2ver2/stm32cubeide/plugins/com.st.stm32cube.ide.mcu.externaltools.gnu-tools-for-stm32.10.3-2021.10.win32_1.0.100.202210260954/tools/bin/../lib/gcc/arm-none-eabi/10.3.1/../../../../arm-none-eabi/lib/thumb/v7-m/nofp\libc_nano.a(lib_a-nano-mallocr.o)
 .ARM.attributes
                0x00000000000004fd       0x2d c:/st/stm32cubeide_1.11.2ver2/stm32cubeide/plugins/com.st.stm32cube.ide.mcu.externaltools.gnu-tools-for-stm32.10.3-2021.10.win32_1.0.100.202210260954/tools/bin/../lib/gcc/arm-none-eabi/10.3.1/../../../../arm-none-eabi/lib/thumb/v7-m/nofp\libc_nano.a(lib_a-nano-reallocr.o)
 .ARM.attributes
                0x000000000000052a       0x2d c:/st/stm32cubeide_1.11.2ver2/stm32cubeide/plugins/com.st.stm32cube.ide.mcu.externaltools.gnu-tools-for-stm32.10.3-2021.10.win32_1.0.100.202210260954/tools/bin/../lib/gcc/arm-none-eabi/10.3.1/../../../../arm-none-eabi/lib/thumb/v7-m/nofp\libc_nano.a(lib_a-sbrkr.o)
 .ARM.attributes
                0x0000000000000557       0x2d c:/st/stm32cubeide_1.11.2ver2/stm32cubeide/plugins/com.st.stm32cube.ide.mcu.externaltools.gnu-tools-for-stm32.10.3-2021.10.win32_1.0.100.202210260954/tools/bin/../lib/gcc/arm-none-eabi/10.3.1/../../../../arm-none-eabi/lib/thumb/v7-m/nofp\libc_nano.a(lib_a-mlock.o)
 .ARM.attributes
                0x0000000000000584       0x2d c:/st/stm32cubeide_1.11.2ver2/stm32cubeide/plugins/com.st.stm32cube.ide.mcu.externaltools.gnu-tools-for-stm32.10.3-2021.10.win32_1.0.100.202210260954/tools/bin/../lib/gcc/arm-none-eabi/10.3.1/../../../../arm-none-eabi/lib/thumb/v7-m/nofp\libc_nano.a(lib_a-nano-msizer.o)
 .ARM.attributes
                0x00000000000005b1       0x2d c:/st/stm32cubeide_1.11.2ver2/stm32cubeide/plugins/com.st.stm32cube.ide.mcu.externaltools.gnu-tools-for-stm32.10.3-2021.10.win32_1.0.100.202210260954/tools/bin/../lib/gcc/arm-none-eabi/10.3.1/../../../../arm-none-eabi/lib/thumb/v7-m/nofp\libc_nano.a(lib_a-reent.o)
 .ARM.attributes
                0x00000000000005de       0x2d c:/st/stm32cubeide_1.11.2ver2/stm32cubeide/plugins/com.st.stm32cube.ide.mcu.externaltools.gnu-tools-for-stm32.10.3-2021.10.win32_1.0.100.202210260954/tools/bin/../lib/gcc/arm-none-eabi/10.3.1/../../../../arm-none-eabi/lib/thumb/v7-m/nofp\libc_nano.a(lib_a-lock.o)
 .ARM.attributes
                0x000000000000060b       0x1d c:/st/stm32cubeide_1.11.2ver2/stm32cubeide/plugins/com.st.stm32cube.ide.mcu.externaltools.gnu-tools-for-stm32.10.3-2021.10.win32_1.0.100.202210260954/tools/bin/../lib/gcc/arm-none-eabi/10.3.1/thumb/v7-m/nofp/crtn.o
OUTPUT(DS3231.elf elf32-littlearm)
LOAD linker stubs
LOAD c:/st/stm32cubeide_1.11.2ver2/stm32cubeide/plugins/com.st.stm32cube.ide.mcu.externaltools.gnu-tools-for-stm32.10.3-2021.10.win32_1.0.100.202210260954/tools/bin/../lib/gcc/arm-none-eabi/10.3.1/../../../../arm-none-eabi/lib/thumb/v7-m/nofp\libc.a
LOAD c:/st/stm32cubeide_1.11.2ver2/stm32cubeide/plugins/com.st.stm32cube.ide.mcu.externaltools.gnu-tools-for-stm32.10.3-2021.10.win32_1.0.100.202210260954/tools/bin/../lib/gcc/arm-none-eabi/10.3.1/../../../../arm-none-eabi/lib/thumb/v7-m/nofp\libm.a
LOAD c:/st/stm32cubeide_1.11.2ver2/stm32cubeide/plugins/com.st.stm32cube.ide.mcu.externaltools.gnu-tools-for-stm32.10.3-2021.10.win32_1.0.100.202210260954/tools/bin/../lib/gcc/arm-none-eabi/10.3.1/thumb/v7-m/nofp\libgcc.a

.debug_info     0x0000000000000000     0xbdde
 .debug_info    0x0000000000000000     0x1052 ./Core/Src/main.o
 .debug_info    0x0000000000001052      0xc65 ./Core/Src/stm32f1xx_hal_msp.o
 .debug_info    0x0000000000001cb7      0x122 ./Core/Src/stm32f1xx_it.o
 .debug_info    0x0000000000001dd9      0x171 ./Core/Src/sysmem.o
 .debug_info    0x0000000000001f4a      0x23d ./Core/Src/system_stm32f1xx.o
 .debug_info    0x0000000000002187       0x22 ./Core/Startup/startup_stm32f103c8tx.o
 .debug_info    0x00000000000021a9      0x734 ./Drivers/STM32F1xx_HAL_Driver/Src/stm32f1xx_hal.o
 .debug_info    0x00000000000028dd      0xb20 ./Drivers/STM32F1xx_HAL_Driver/Src/stm32f1xx_hal_cortex.o
 .debug_info    0x00000000000033fd      0x615 ./Drivers/STM32F1xx_HAL_Driver/Src/stm32f1xx_hal_gpio.o
 .debug_info    0x0000000000003a12     0x2734 ./Drivers/STM32F1xx_HAL_Driver/Src/stm32f1xx_hal_i2c.o
 .debug_info    0x0000000000006146      0x860 ./Drivers/STM32F1xx_HAL_Driver/Src/stm32f1xx_hal_rcc.o
 .debug_info    0x00000000000069a6     0x29de ./Drivers/STM32F1xx_HAL_Driver/Src/stm32f1xx_hal_tim.o
 .debug_info    0x0000000000009384     0x1513 ./Drivers/STM32F1xx_HAL_Driver/Src/stm32f1xx_hal_tim_ex.o
 .debug_info    0x000000000000a897      0x93e ./Lib/DS3231.o
 .debug_info    0x000000000000b1d5      0xc09 ./Lib/lcd_i2c.o

.debug_abbrev   0x0000000000000000     0x1b2d
 .debug_abbrev  0x0000000000000000      0x2df ./Core/Src/main.o
 .debug_abbrev  0x00000000000002df      0x1c3 ./Core/Src/stm32f1xx_hal_msp.o
 .debug_abbrev  0x00000000000004a2       0x74 ./Core/Src/stm32f1xx_it.o
 .debug_abbrev  0x0000000000000516       0xbb ./Core/Src/sysmem.o
 .debug_abbrev  0x00000000000005d1      0x13b ./Core/Src/system_stm32f1xx.o
 .debug_abbrev  0x000000000000070c       0x12 ./Core/Startup/startup_stm32f103c8tx.o
 .debug_abbrev  0x000000000000071e      0x1fb ./Drivers/STM32F1xx_HAL_Driver/Src/stm32f1xx_hal.o
 .debug_abbrev  0x0000000000000919      0x2ed ./Drivers/STM32F1xx_HAL_Driver/Src/stm32f1xx_hal_cortex.o
 .debug_abbrev  0x0000000000000c06      0x1bb ./Drivers/STM32F1xx_HAL_Driver/Src/stm32f1xx_hal_gpio.o
 .debug_abbrev  0x0000000000000dc1      0x288 ./Drivers/STM32F1xx_HAL_Driver/Src/stm32f1xx_hal_i2c.o
 .debug_abbrev  0x0000000000001049      0x2a8 ./Drivers/STM32F1xx_HAL_Driver/Src/stm32f1xx_hal_rcc.o
 .debug_abbrev  0x00000000000012f1      0x25d ./Drivers/STM32F1xx_HAL_Driver/Src/stm32f1xx_hal_tim.o
 .debug_abbrev  0x000000000000154e      0x265 ./Drivers/STM32F1xx_HAL_Driver/Src/stm32f1xx_hal_tim_ex.o
 .debug_abbrev  0x00000000000017b3      0x1d2 ./Lib/DS3231.o
 .debug_abbrev  0x0000000000001985      0x1a8 ./Lib/lcd_i2c.o

.debug_aranges  0x0000000000000000      0xcb8
 .debug_aranges
                0x0000000000000000       0x48 ./Core/Src/main.o
 .debug_aranges
                0x0000000000000048       0x40 ./Core/Src/stm32f1xx_hal_msp.o
 .debug_aranges
                0x0000000000000088       0x60 ./Core/Src/stm32f1xx_it.o
 .debug_aranges
                0x00000000000000e8       0x20 ./Core/Src/sysmem.o
 .debug_aranges
                0x0000000000000108       0x28 ./Core/Src/system_stm32f1xx.o
 .debug_aranges
                0x0000000000000130       0x28 ./Core/Startup/startup_stm32f103c8tx.o
 .debug_aranges
                0x0000000000000158       0xe0 ./Drivers/STM32F1xx_HAL_Driver/Src/stm32f1xx_hal.o
 .debug_aranges
                0x0000000000000238      0x100 ./Drivers/STM32F1xx_HAL_Driver/Src/stm32f1xx_hal_cortex.o
 .debug_aranges
                0x0000000000000338       0x58 ./Drivers/STM32F1xx_HAL_Driver/Src/stm32f1xx_hal_gpio.o
 .debug_aranges
                0x0000000000000390      0x2a0 ./Drivers/STM32F1xx_HAL_Driver/Src/stm32f1xx_hal_i2c.o
 .debug_aranges
                0x0000000000000630       0x90 ./Drivers/STM32F1xx_HAL_Driver/Src/stm32f1xx_hal_rcc.o
 .debug_aranges
                0x00000000000006c0      0x3d0 ./Drivers/STM32F1xx_HAL_Driver/Src/stm32f1xx_hal_tim.o
 .debug_aranges
                0x0000000000000a90      0x168 ./Drivers/STM32F1xx_HAL_Driver/Src/stm32f1xx_hal_tim_ex.o
 .debug_aranges
                0x0000000000000bf8       0x70 ./Lib/DS3231.o
 .debug_aranges
                0x0000000000000c68       0x50 ./Lib/lcd_i2c.o

.debug_ranges   0x0000000000000000      0xbf8
 .debug_ranges  0x0000000000000000       0x38 ./Core/Src/main.o
 .debug_ranges  0x0000000000000038       0x30 ./Core/Src/stm32f1xx_hal_msp.o
 .debug_ranges  0x0000000000000068       0x50 ./Core/Src/stm32f1xx_it.o
 .debug_ranges  0x00000000000000b8       0x10 ./Core/Src/sysmem.o
 .debug_ranges  0x00000000000000c8       0x18 ./Core/Src/system_stm32f1xx.o
 .debug_ranges  0x00000000000000e0       0x20 ./Core/Startup/startup_stm32f103c8tx.o
 .debug_ranges  0x0000000000000100       0xd0 ./Drivers/STM32F1xx_HAL_Driver/Src/stm32f1xx_hal.o
 .debug_ranges  0x00000000000001d0       0xf0 ./Drivers/STM32F1xx_HAL_Driver/Src/stm32f1xx_hal_cortex.o
 .debug_ranges  0x00000000000002c0       0x48 ./Drivers/STM32F1xx_HAL_Driver/Src/stm32f1xx_hal_gpio.o
 .debug_ranges  0x0000000000000308      0x2b8 ./Drivers/STM32F1xx_HAL_Driver/Src/stm32f1xx_hal_i2c.o
 .debug_ranges  0x00000000000005c0       0x80 ./Drivers/STM32F1xx_HAL_Driver/Src/stm32f1xx_hal_rcc.o
 .debug_ranges  0x0000000000000640      0x3c0 ./Drivers/STM32F1xx_HAL_Driver/Src/stm32f1xx_hal_tim.o
 .debug_ranges  0x0000000000000a00      0x158 ./Drivers/STM32F1xx_HAL_Driver/Src/stm32f1xx_hal_tim_ex.o
 .debug_ranges  0x0000000000000b58       0x60 ./Lib/DS3231.o
 .debug_ranges  0x0000000000000bb8       0x40 ./Lib/lcd_i2c.o

.debug_macro    0x0000000000000000    0x17f7a
 .debug_macro   0x0000000000000000      0x354 ./Core/Src/main.o
 .debug_macro   0x0000000000000354      0xa6c ./Core/Src/main.o
 .debug_macro   0x0000000000000dc0      0x21b ./Core/Src/main.o
 .debug_macro   0x0000000000000fdb       0x2e ./Core/Src/main.o
 .debug_macro   0x0000000000001009       0x22 ./Core/Src/main.o
 .debug_macro   0x000000000000102b       0x22 ./Core/Src/main.o
 .debug_macro   0x000000000000104d       0x8e ./Core/Src/main.o
 .debug_macro   0x00000000000010db       0x51 ./Core/Src/main.o
 .debug_macro   0x000000000000112c      0x103 ./Core/Src/main.o
 .debug_macro   0x000000000000122f       0x6a ./Core/Src/main.o
 .debug_macro   0x0000000000001299      0x1df ./Core/Src/main.o
 .debug_macro   0x0000000000001478       0x1c ./Core/Src/main.o
 .debug_macro   0x0000000000001494       0x22 ./Core/Src/main.o
 .debug_macro   0x00000000000014b6       0xbd ./Core/Src/main.o
 .debug_macro   0x0000000000001573      0xd23 ./Core/Src/main.o
 .debug_macro   0x0000000000002296     0xe09e ./Core/Src/main.o
 .debug_macro   0x0000000000010334       0x6d ./Core/Src/main.o
 .debug_macro   0x00000000000103a1     0x3468 ./Core/Src/main.o
 .debug_macro   0x0000000000013809      0x174 ./Core/Src/main.o
 .debug_macro   0x000000000001397d       0x5c ./Core/Src/main.o
 .debug_macro   0x00000000000139d9      0x5be ./Core/Src/main.o
 .debug_macro   0x0000000000013f97      0x289 ./Core/Src/main.o
 .debug_macro   0x0000000000014220      0x1cb ./Core/Src/main.o
 .debug_macro   0x00000000000143eb      0x114 ./Core/Src/main.o
 .debug_macro   0x00000000000144ff      0x1b2 ./Core/Src/main.o
 .debug_macro   0x00000000000146b1       0x27 ./Core/Src/main.o
 .debug_macro   0x00000000000146d8      0x136 ./Core/Src/main.o
 .debug_macro   0x000000000001480e      0x1bc ./Core/Src/main.o
 .debug_macro   0x00000000000149ca       0x34 ./Core/Src/main.o
 .debug_macro   0x00000000000149fe       0x3c ./Core/Src/main.o
 .debug_macro   0x0000000000014a3a       0x57 ./Core/Src/main.o
 .debug_macro   0x0000000000014a91       0x88 ./Core/Src/main.o
 .debug_macro   0x0000000000014b19      0x241 ./Core/Src/main.o
 .debug_macro   0x0000000000014d5a      0x287 ./Core/Src/main.o
 .debug_macro   0x0000000000014fe1      0x141 ./Core/Src/main.o
 .debug_macro   0x0000000000015122      0x8d1 ./Core/Src/main.o
 .debug_macro   0x00000000000159f3       0x83 ./Core/Src/main.o
 .debug_macro   0x0000000000015a76       0x52 ./Core/Src/main.o
 .debug_macro   0x0000000000015ac8       0x18 ./Core/Src/main.o
 .debug_macro   0x0000000000015ae0       0x3c ./Core/Src/main.o
 .debug_macro   0x0000000000015b1c       0x34 ./Core/Src/main.o
 .debug_macro   0x0000000000015b50       0x16 ./Core/Src/main.o
 .debug_macro   0x0000000000015b66       0x35 ./Core/Src/main.o
 .debug_macro   0x0000000000015b9b      0x341 ./Core/Src/main.o
 .debug_macro   0x0000000000015edc       0x10 ./Core/Src/main.o
 .debug_macro   0x0000000000015eec       0x16 ./Core/Src/main.o
 .debug_macro   0x0000000000015f02       0x43 ./Core/Src/main.o
 .debug_macro   0x0000000000015f45       0x34 ./Core/Src/main.o
 .debug_macro   0x0000000000015f79       0x10 ./Core/Src/main.o
 .debug_macro   0x0000000000015f89       0x58 ./Core/Src/main.o
 .debug_macro   0x0000000000015fe1       0x71 ./Core/Src/main.o
 .debug_macro   0x0000000000016052       0x1c ./Core/Src/main.o
 .debug_macro   0x000000000001606e      0x12a ./Core/Src/main.o
 .debug_macro   0x0000000000016198       0x10 ./Core/Src/main.o
 .debug_macro   0x00000000000161a8       0x1c ./Core/Src/main.o
 .debug_macro   0x00000000000161c4       0x52 ./Core/Src/main.o
 .debug_macro   0x0000000000016216       0x22 ./Core/Src/main.o
 .debug_macro   0x0000000000016238       0x10 ./Core/Src/main.o
 .debug_macro   0x0000000000016248       0x52 ./Core/Src/main.o
 .debug_macro   0x000000000001629a       0xd5 ./Core/Src/main.o
 .debug_macro   0x000000000001636f       0x1c ./Core/Src/main.o
 .debug_macro   0x000000000001638b       0x3d ./Core/Src/main.o
 .debug_macro   0x00000000000163c8       0x16 ./Core/Src/main.o
 .debug_macro   0x00000000000163de      0x145 ./Core/Src/main.o
 .debug_macro   0x0000000000016523       0x16 ./Core/Src/main.o
 .debug_macro   0x0000000000016539       0x20 ./Core/Src/main.o
 .debug_macro   0x0000000000016559       0x6a ./Core/Src/main.o
 .debug_macro   0x00000000000165c3       0x10 ./Core/Src/main.o
 .debug_macro   0x00000000000165d3      0x1ad ./Core/Src/stm32f1xx_hal_msp.o
 .debug_macro   0x0000000000016780      0x1b7 ./Core/Src/stm32f1xx_it.o
 .debug_macro   0x0000000000016937       0xff ./Core/Src/sysmem.o
 .debug_macro   0x0000000000016a36      0x23b ./Core/Src/sysmem.o
 .debug_macro   0x0000000000016c71      0x1a3 ./Core/Src/system_stm32f1xx.o
 .debug_macro   0x0000000000016e14      0x1c7 ./Drivers/STM32F1xx_HAL_Driver/Src/stm32f1xx_hal.o
 .debug_macro   0x0000000000016fdb      0x1a3 ./Drivers/STM32F1xx_HAL_Driver/Src/stm32f1xx_hal_cortex.o
 .debug_macro   0x000000000001717e      0x20e ./Drivers/STM32F1xx_HAL_Driver/Src/stm32f1xx_hal_gpio.o
 .debug_macro   0x000000000001738c      0x1ea ./Drivers/STM32F1xx_HAL_Driver/Src/stm32f1xx_hal_i2c.o
 .debug_macro   0x0000000000017576      0x1b5 ./Drivers/STM32F1xx_HAL_Driver/Src/stm32f1xx_hal_rcc.o
 .debug_macro   0x000000000001772b      0x1a4 ./Drivers/STM32F1xx_HAL_Driver/Src/stm32f1xx_hal_tim.o
 .debug_macro   0x00000000000178cf      0x1a3 ./Drivers/STM32F1xx_HAL_Driver/Src/stm32f1xx_hal_tim_ex.o
 .debug_macro   0x0000000000017a72      0x1bd ./Lib/DS3231.o
 .debug_macro   0x0000000000017c2f      0x34b ./Lib/lcd_i2c.o

.debug_line     0x0000000000000000     0xe82a
 .debug_line    0x0000000000000000      0xabe ./Core/Src/main.o
 .debug_line    0x0000000000000abe      0x70b ./Core/Src/stm32f1xx_hal_msp.o
 .debug_line    0x00000000000011c9      0x74b ./Core/Src/stm32f1xx_it.o
 .debug_line    0x0000000000001914      0x508 ./Core/Src/sysmem.o
 .debug_line    0x0000000000001e1c      0x707 ./Core/Src/system_stm32f1xx.o
 .debug_line    0x0000000000002523       0x87 ./Core/Startup/startup_stm32f103c8tx.o
 .debug_line    0x00000000000025aa      0x934 ./Drivers/STM32F1xx_HAL_Driver/Src/stm32f1xx_hal.o
 .debug_line    0x0000000000002ede      0xb1c ./Drivers/STM32F1xx_HAL_Driver/Src/stm32f1xx_hal_cortex.o
 .debug_line    0x00000000000039fa      0x9cb ./Drivers/STM32F1xx_HAL_Driver/Src/stm32f1xx_hal_gpio.o
 .debug_line    0x00000000000043c5     0x3a1e ./Drivers/STM32F1xx_HAL_Driver/Src/stm32f1xx_hal_i2c.o
 .debug_line    0x0000000000007de3      0xd42 ./Drivers/STM32F1xx_HAL_Driver/Src/stm32f1xx_hal_rcc.o
 .debug_line    0x0000000000008b25     0x32ea ./Drivers/STM32F1xx_HAL_Driver/Src/stm32f1xx_hal_tim.o
 .debug_line    0x000000000000be0f     0x185c ./Drivers/STM32F1xx_HAL_Driver/Src/stm32f1xx_hal_tim_ex.o
 .debug_line    0x000000000000d66b      0x7e3 ./Lib/DS3231.o
 .debug_line    0x000000000000de4e      0x9dc ./Lib/lcd_i2c.o

.debug_str      0x0000000000000000    0x8aa23
 .debug_str     0x0000000000000000    0x875df ./Core/Src/main.o
                                      0x87a34 (size before relaxing)
 .debug_str     0x00000000000875df      0x10d ./Core/Src/stm32f1xx_hal_msp.o
                                      0x837d4 (size before relaxing)
 .debug_str     0x00000000000876ec       0xc9 ./Core/Src/stm32f1xx_it.o
                                      0x82fd2 (size before relaxing)
 .debug_str     0x00000000000877b5      0x4da ./Core/Src/sysmem.o
                                       0x5d55 (size before relaxing)
 .debug_str     0x0000000000087c8f       0x7e ./Core/Src/system_stm32f1xx.o
                                      0x82fe8 (size before relaxing)
 .debug_str     0x0000000000087d0d       0x36 ./Core/Startup/startup_stm32f103c8tx.o
                                         0x6f (size before relaxing)
 .debug_str     0x0000000000087d43      0x607 ./Drivers/STM32F1xx_HAL_Driver/Src/stm32f1xx_hal.o
                                      0x8371b (size before relaxing)
 .debug_str     0x000000000008834a      0x2bb ./Drivers/STM32F1xx_HAL_Driver/Src/stm32f1xx_hal_cortex.o
                                      0x83667 (size before relaxing)
 .debug_str     0x0000000000088605      0x322 ./Drivers/STM32F1xx_HAL_Driver/Src/stm32f1xx_hal_gpio.o
                                      0x8336e (size before relaxing)
 .debug_str     0x0000000000088927      0xb72 ./Drivers/STM32F1xx_HAL_Driver/Src/stm32f1xx_hal_i2c.o
                                      0x8405c (size before relaxing)
 .debug_str     0x0000000000089499      0x209 ./Drivers/STM32F1xx_HAL_Driver/Src/stm32f1xx_hal_rcc.o
                                      0x83417 (size before relaxing)
 .debug_str     0x00000000000896a2      0xdf4 ./Drivers/STM32F1xx_HAL_Driver/Src/stm32f1xx_hal_tim.o
                                      0x84402 (size before relaxing)
 .debug_str     0x000000000008a496      0x493 ./Drivers/STM32F1xx_HAL_Driver/Src/stm32f1xx_hal_tim_ex.o
                                      0x83c1e (size before relaxing)
 .debug_str     0x000000000008a929       0x70 ./Lib/DS3231.o
                                      0x83515 (size before relaxing)
 .debug_str     0x000000000008a999       0x8a ./Lib/lcd_i2c.o
                                      0x8771f (size before relaxing)

.comment        0x0000000000000000       0x50
 .comment       0x0000000000000000       0x50 ./Core/Src/main.o
                                         0x51 (size before relaxing)
 .comment       0x0000000000000050       0x51 ./Core/Src/stm32f1xx_hal_msp.o
 .comment       0x0000000000000050       0x51 ./Core/Src/stm32f1xx_it.o
 .comment       0x0000000000000050       0x51 ./Core/Src/sysmem.o
 .comment       0x0000000000000050       0x51 ./Core/Src/system_stm32f1xx.o
 .comment       0x0000000000000050       0x51 ./Drivers/STM32F1xx_HAL_Driver/Src/stm32f1xx_hal.o
 .comment       0x0000000000000050       0x51 ./Drivers/STM32F1xx_HAL_Driver/Src/stm32f1xx_hal_cortex.o
 .comment       0x0000000000000050       0x51 ./Drivers/STM32F1xx_HAL_Driver/Src/stm32f1xx_hal_gpio.o
 .comment       0x0000000000000050       0x51 ./Drivers/STM32F1xx_HAL_Driver/Src/stm32f1xx_hal_i2c.o
 .comment       0x0000000000000050       0x51 ./Drivers/STM32F1xx_HAL_Driver/Src/stm32f1xx_hal_rcc.o
 .comment       0x0000000000000050       0x51 ./Drivers/STM32F1xx_HAL_Driver/Src/stm32f1xx_hal_tim.o
 .comment       0x0000000000000050       0x51 ./Drivers/STM32F1xx_HAL_Driver/Src/stm32f1xx_hal_tim_ex.o
 .comment       0x0000000000000050       0x51 ./Lib/DS3231.o
 .comment       0x0000000000000050       0x51 ./Lib/lcd_i2c.o

.debug_frame    0x0000000000000000     0x3980
 .debug_frame   0x0000000000000000       0xd4 ./Core/Src/main.o
 .debug_frame   0x00000000000000d4       0xd0 ./Core/Src/stm32f1xx_hal_msp.o
 .debug_frame   0x00000000000001a4      0x104 ./Core/Src/stm32f1xx_it.o
 .debug_frame   0x00000000000002a8       0x34 ./Core/Src/sysmem.o
 .debug_frame   0x00000000000002dc       0x58 ./Core/Src/system_stm32f1xx.o
 .debug_frame   0x0000000000000334      0x334 ./Drivers/STM32F1xx_HAL_Driver/Src/stm32f1xx_hal.o
 .debug_frame   0x0000000000000668      0x428 ./Drivers/STM32F1xx_HAL_Driver/Src/stm32f1xx_hal_cortex.o
 .debug_frame   0x0000000000000a90      0x14c ./Drivers/STM32F1xx_HAL_Driver/Src/stm32f1xx_hal_gpio.o
 .debug_frame   0x0000000000000bdc      0xc5c ./Drivers/STM32F1xx_HAL_Driver/Src/stm32f1xx_hal_i2c.o
 .debug_frame   0x0000000000001838      0x21c ./Drivers/STM32F1xx_HAL_Driver/Src/stm32f1xx_hal_rcc.o
 .debug_frame   0x0000000000001a54     0x11b8 ./Drivers/STM32F1xx_HAL_Driver/Src/stm32f1xx_hal_tim.o
 .debug_frame   0x0000000000002c0c      0x638 ./Drivers/STM32F1xx_HAL_Driver/Src/stm32f1xx_hal_tim_ex.o
 .debug_frame   0x0000000000003244      0x1a8 ./Lib/DS3231.o
 .debug_frame   0x00000000000033ec      0x10c ./Lib/lcd_i2c.o
 .debug_frame   0x00000000000034f8       0x20 c:/st/stm32cubeide_1.11.2ver2/stm32cubeide/plugins/com.st.stm32cube.ide.mcu.externaltools.gnu-tools-for-stm32.10.3-2021.10.win32_1.0.100.202210260954/tools/bin/../lib/gcc/arm-none-eabi/10.3.1/../../../../arm-none-eabi/lib/thumb/v7-m/nofp\libc_nano.a(lib_a-errno.o)
 .debug_frame   0x0000000000003518       0x2c c:/st/stm32cubeide_1.11.2ver2/stm32cubeide/plugins/com.st.stm32cube.ide.mcu.externaltools.gnu-tools-for-stm32.10.3-2021.10.win32_1.0.100.202210260954/tools/bin/../lib/gcc/arm-none-eabi/10.3.1/../../../../arm-none-eabi/lib/thumb/v7-m/nofp\libc_nano.a(lib_a-init.o)
 .debug_frame   0x0000000000003544       0x20 c:/st/stm32cubeide_1.11.2ver2/stm32cubeide/plugins/com.st.stm32cube.ide.mcu.externaltools.gnu-tools-for-stm32.10.3-2021.10.win32_1.0.100.202210260954/tools/bin/../lib/gcc/arm-none-eabi/10.3.1/../../../../arm-none-eabi/lib/thumb/v7-m/nofp\libc_nano.a(lib_a-memset.o)
 .debug_frame   0x0000000000003564       0x6c c:/st/stm32cubeide_1.11.2ver2/stm32cubeide/plugins/com.st.stm32cube.ide.mcu.externaltools.gnu-tools-for-stm32.10.3-2021.10.win32_1.0.100.202210260954/tools/bin/../lib/gcc/arm-none-eabi/10.3.1/../../../../arm-none-eabi/lib/thumb/v7-m/nofp\libc_nano.a(lib_a-sprintf.o)
 .debug_frame   0x00000000000035d0       0x90 c:/st/stm32cubeide_1.11.2ver2/stm32cubeide/plugins/com.st.stm32cube.ide.mcu.externaltools.gnu-tools-for-stm32.10.3-2021.10.win32_1.0.100.202210260954/tools/bin/../lib/gcc/arm-none-eabi/10.3.1/../../../../arm-none-eabi/lib/thumb/v7-m/nofp\libc_nano.a(lib_a-nano-svfprintf.o)
 .debug_frame   0x0000000000003660       0x60 c:/st/stm32cubeide_1.11.2ver2/stm32cubeide/plugins/com.st.stm32cube.ide.mcu.externaltools.gnu-tools-for-stm32.10.3-2021.10.win32_1.0.100.202210260954/tools/bin/../lib/gcc/arm-none-eabi/10.3.1/../../../../arm-none-eabi/lib/thumb/v7-m/nofp\libc_nano.a(lib_a-nano-vfprintf_i.o)
 .debug_frame   0x00000000000036c0       0x28 c:/st/stm32cubeide_1.11.2ver2/stm32cubeide/plugins/com.st.stm32cube.ide.mcu.externaltools.gnu-tools-for-stm32.10.3-2021.10.win32_1.0.100.202210260954/tools/bin/../lib/gcc/arm-none-eabi/10.3.1/../../../../arm-none-eabi/lib/thumb/v7-m/nofp\libc_nano.a(lib_a-memchr-stub.o)
 .debug_frame   0x00000000000036e8       0x28 c:/st/stm32cubeide_1.11.2ver2/stm32cubeide/plugins/com.st.stm32cube.ide.mcu.externaltools.gnu-tools-for-stm32.10.3-2021.10.win32_1.0.100.202210260954/tools/bin/../lib/gcc/arm-none-eabi/10.3.1/../../../../arm-none-eabi/lib/thumb/v7-m/nofp\libc_nano.a(lib_a-memcpy-stub.o)
 .debug_frame   0x0000000000003710       0x28 c:/st/stm32cubeide_1.11.2ver2/stm32cubeide/plugins/com.st.stm32cube.ide.mcu.externaltools.gnu-tools-for-stm32.10.3-2021.10.win32_1.0.100.202210260954/tools/bin/../lib/gcc/arm-none-eabi/10.3.1/../../../../arm-none-eabi/lib/thumb/v7-m/nofp\libc_nano.a(lib_a-memmove.o)
 .debug_frame   0x0000000000003738       0x38 c:/st/stm32cubeide_1.11.2ver2/stm32cubeide/plugins/com.st.stm32cube.ide.mcu.externaltools.gnu-tools-for-stm32.10.3-2021.10.win32_1.0.100.202210260954/tools/bin/../lib/gcc/arm-none-eabi/10.3.1/../../../../arm-none-eabi/lib/thumb/v7-m/nofp\libc_nano.a(lib_a-nano-freer.o)
 .debug_frame   0x0000000000003770       0x4c c:/st/stm32cubeide_1.11.2ver2/stm32cubeide/plugins/com.st.stm32cube.ide.mcu.externaltools.gnu-tools-for-stm32.10.3-2021.10.win32_1.0.100.202210260954/tools/bin/../lib/gcc/arm-none-eabi/10.3.1/../../../../arm-none-eabi/lib/thumb/v7-m/nofp\libc_nano.a(lib_a-nano-mallocr.o)
 .debug_frame   0x00000000000037bc       0x3c c:/st/stm32cubeide_1.11.2ver2/stm32cubeide/plugins/com.st.stm32cube.ide.mcu.externaltools.gnu-tools-for-stm32.10.3-2021.10.win32_1.0.100.202210260954/tools/bin/../lib/gcc/arm-none-eabi/10.3.1/../../../../arm-none-eabi/lib/thumb/v7-m/nofp\libc_nano.a(lib_a-nano-reallocr.o)
 .debug_frame   0x00000000000037f8       0x2c c:/st/stm32cubeide_1.11.2ver2/stm32cubeide/plugins/com.st.stm32cube.ide.mcu.externaltools.gnu-tools-for-stm32.10.3-2021.10.win32_1.0.100.202210260954/tools/bin/../lib/gcc/arm-none-eabi/10.3.1/../../../../arm-none-eabi/lib/thumb/v7-m/nofp\libc_nano.a(lib_a-sbrkr.o)
 .debug_frame   0x0000000000003824       0x30 c:/st/stm32cubeide_1.11.2ver2/stm32cubeide/plugins/com.st.stm32cube.ide.mcu.externaltools.gnu-tools-for-stm32.10.3-2021.10.win32_1.0.100.202210260954/tools/bin/../lib/gcc/arm-none-eabi/10.3.1/../../../../arm-none-eabi/lib/thumb/v7-m/nofp\libc_nano.a(lib_a-mlock.o)
 .debug_frame   0x0000000000003854       0x20 c:/st/stm32cubeide_1.11.2ver2/stm32cubeide/plugins/com.st.stm32cube.ide.mcu.externaltools.gnu-tools-for-stm32.10.3-2021.10.win32_1.0.100.202210260954/tools/bin/../lib/gcc/arm-none-eabi/10.3.1/../../../../arm-none-eabi/lib/thumb/v7-m/nofp\libc_nano.a(lib_a-nano-msizer.o)
 .debug_frame   0x0000000000003874       0x5c c:/st/stm32cubeide_1.11.2ver2/stm32cubeide/plugins/com.st.stm32cube.ide.mcu.externaltools.gnu-tools-for-stm32.10.3-2021.10.win32_1.0.100.202210260954/tools/bin/../lib/gcc/arm-none-eabi/10.3.1/../../../../arm-none-eabi/lib/thumb/v7-m/nofp\libc_nano.a(lib_a-reent.o)
 .debug_frame   0x00000000000038d0       0xb0 c:/st/stm32cubeide_1.11.2ver2/stm32cubeide/plugins/com.st.stm32cube.ide.mcu.externaltools.gnu-tools-for-stm32.10.3-2021.10.win32_1.0.100.202210260954/tools/bin/../lib/gcc/arm-none-eabi/10.3.1/../../../../arm-none-eabi/lib/thumb/v7-m/nofp\libc_nano.a(lib_a-lock.o)
