../Core/Src/main.c:71:6:Set_Pin_Output	32	static
../Core/Src/main.c:80:6:Set_Pin_Input	32	static
../Core/Src/main.c:93:6:DHT11_Start	8	static
../Core/Src/main.c:104:9:DHT_Check_Response	16	static
../Core/Src/main.c:119:9:DHT11_Read	16	static
../Core/Src/main.c:137:6:Display_Temp	40	static
../Core/Src/main.c:147:6:Display_Humid	40	static
../Core/Src/main.c:162:5:main	16	static
../Core/Src/main.c:233:6:SystemClock_Config	72	static
../Core/Src/main.c:273:13:MX_I2C1_Init	8	static
../Core/Src/main.c:307:13:MX_TIM2_Init	32	static
../Core/Src/main.c:352:13:MX_GPIO_Init	40	static
../Core/Src/main.c:381:6:Error_Handler	4	static,ignoring_inline_asm
