../Core/Src/main.c:71:6:Set_Pin_Output	32	static
../Core/Src/main.c:80:6:Set_Pin_Input	32	static
../Core/Src/main.c:93:6:DHT11_Start	8	static
../Core/Src/main.c:104:9:DHT_Check_Reponse	16	static
../Core/Src/main.c:118:9:DHT11_Read	16	static
../Core/Src/main.c:136:6:Display_Temp	40	static
../Core/Src/main.c:146:6:Display_Humid	40	static
../Core/Src/main.c:161:5:main	16	static
../Core/Src/main.c:231:6:SystemClock_Config	72	static
../Core/Src/main.c:271:13:MX_I2C1_Init	8	static
../Core/Src/main.c:305:13:MX_TIM2_Init	32	static
../Core/Src/main.c:350:13:MX_GPIO_Init	40	static
../Core/Src/main.c:379:6:Error_Handler	4	static,ignoring_inline_asm
