21:15:54 **** Incremental Build of configuration Debug for project ROTARY_ENCODER ****
make -j12 all 
arm-none-eabi-gcc "../Core/Src/main.c" -mcpu=cortex-m3 -std=gnu11 -g3 -DDEBUG -DUSE_HAL_DRIVER -DSTM32F103xB -c -I../Core/Inc -I"C:/Users/Tuan/STM32CubeIDE/workspace_1.11.2/ROTARY_ENCODER/Lib" -I"C:/Users/Tuan/STM32CubeIDE/workspace_1.11.2/ROTARY_ENCODER/Lib" -I../Drivers/STM32F1xx_HAL_Driver/Inc/Legacy -I../Drivers/STM32F1xx_HAL_Driver/Inc -I../Drivers/CMSIS/Device/ST/STM32F1xx/Include -I../Drivers/CMSIS/Include -O0 -ffunction-sections -fdata-sections -Wall -fstack-usage -MMD -MP -MF"Core/Src/main.d" -MT"Core/Src/main.o" --specs=nano.specs -mfloat-abi=soft -mthumb -o "Core/Src/main.o"
arm-none-eabi-gcc -o "ROTARY_ENCODER.elf" @"objects.list"   -mcpu=cortex-m3 -T"C:\Users\Tuan\STM32CubeIDE\workspace_1.11.2\ROTARY_ENCODER\STM32F103C8TX_FLASH.ld" --specs=nosys.specs -Wl,-Map="ROTARY_ENCODER.map" -Wl,--gc-sections -static --specs=nano.specs -mfloat-abi=soft -mthumb -Wl,--start-group -lc -lm -Wl,--end-group
Finished building target: ROTARY_ENCODER.elf
 
arm-none-eabi-size   ROTARY_ENCODER.elf 
arm-none-eabi-objdump -h -S  ROTARY_ENCODER.elf  > "ROTARY_ENCODER.list"
   text	   data	    bss	    dec	    hex	filename
   6684	     20	   1660	   8364	   20ac	ROTARY_ENCODER.elf
Finished building: default.size.stdout
 
Finished building: ROTARY_ENCODER.list
 

21:15:54 Build Finished. 0 errors, 0 warnings. (took 546ms)

